[2025-10-16T17:54:22.675+0530][gc] Using G1
[2025-10-16T17:54:22.678+0530][gc,init] Version: 17.0.15+6 (release)
[2025-10-16T17:54:22.678+0530][gc,init] CPUs: 11 total, 11 available
[2025-10-16T17:54:22.678+0530][gc,init] Memory: 18432M
[2025-10-16T17:54:22.678+0530][gc,init] Large Page Support: Disabled
[2025-10-16T17:54:22.678+0530][gc,init] NUMA Support: Disabled
[2025-10-16T17:54:22.678+0530][gc,init] Compressed Oops: Enabled (Zero based)
[2025-10-16T17:54:22.678+0530][gc,init] Heap Region Size: 1M
[2025-10-16T17:54:22.678+0530][gc,init] Heap Min Capacity: 1G
[2025-10-16T17:54:22.678+0530][gc,init] Heap Initial Capacity: 1G
[2025-10-16T17:54:22.678+0530][gc,init] Heap Max Capacity: 1G
[2025-10-16T17:54:22.678+0530][gc,init] Pre-touch: Disabled
[2025-10-16T17:54:22.678+0530][gc,init] Parallel Workers: 9
[2025-10-16T17:54:22.678+0530][gc,init] Concurrent Workers: 2
[2025-10-16T17:54:22.678+0530][gc,init] Concurrent Refinement Workers: 9
[2025-10-16T17:54:22.678+0530][gc,init] Periodic GC: Disabled
[2025-10-16T17:54:22.680+0530][gc,metaspace] CDS archive(s) mapped at: [0x0000007000000000-0x0000007000bc0000-0x0000007000bc0000), size 12320768, SharedBaseAddress: 0x0000007000000000, ArchiveRelocationMode: 1.
[2025-10-16T17:54:22.680+0530][gc,metaspace] Compressed class space mapped at: 0x0000007001000000-0x0000007041000000, reserved size: 1073741824
[2025-10-16T17:54:22.680+0530][gc,metaspace] Narrow klass base: 0x0000007000000000, Narrow klass shift: 0, Narrow klass range: 0x100000000
[2025-10-16T17:54:23.149+0530][gc,start    ] GC(0) Pause Young (Normal) (G1 Evacuation Pause)
[2025-10-16T17:54:23.149+0530][gc,task     ] GC(0) Using 9 workers of 9 for evacuation
[2025-10-16T17:54:23.151+0530][gc,phases   ] GC(0)   Pre Evacuate Collection Set: 0.1ms
[2025-10-16T17:54:23.151+0530][gc,phases   ] GC(0)   Merge Heap Roots: 0.0ms
[2025-10-16T17:54:23.151+0530][gc,phases   ] GC(0)   Evacuate Collection Set: 1.5ms
[2025-10-16T17:54:23.151+0530][gc,phases   ] GC(0)   Post Evacuate Collection Set: 0.2ms
[2025-10-16T17:54:23.151+0530][gc,phases   ] GC(0)   Other: 0.3ms
[2025-10-16T17:54:23.151+0530][gc,heap     ] GC(0) Eden regions: 51->0(44)
[2025-10-16T17:54:23.151+0530][gc,heap     ] GC(0) Survivor regions: 0->7(7)
[2025-10-16T17:54:23.151+0530][gc,heap     ] GC(0) Old regions: 0->1
[2025-10-16T17:54:23.151+0530][gc,heap     ] GC(0) Archive regions: 2->2
[2025-10-16T17:54:23.151+0530][gc,heap     ] GC(0) Humongous regions: 0->0
[2025-10-16T17:54:23.151+0530][gc,metaspace] GC(0) Metaspace: 18063K(18240K)->18063K(18240K) NonClass: 15909K(16000K)->15909K(16000K) Class: 2154K(2240K)->2154K(2240K)
[2025-10-16T17:54:23.151+0530][gc          ] GC(0) Pause Young (Normal) (G1 Evacuation Pause) 51M->8M(1024M) 2.148ms
[2025-10-16T17:54:23.151+0530][gc,cpu      ] GC(0) User=0.01s Sys=0.00s Real=0.01s
[2025-10-16T17:54:23.231+0530][gc,start    ] GC(1) Pause Young (Concurrent Start) (Metadata GC Threshold)
[2025-10-16T17:54:23.232+0530][gc,task     ] GC(1) Using 9 workers of 9 for evacuation
[2025-10-16T17:54:23.233+0530][gc,phases   ] GC(1)   Pre Evacuate Collection Set: 0.1ms
[2025-10-16T17:54:23.233+0530][gc,phases   ] GC(1)   Merge Heap Roots: 0.0ms
[2025-10-16T17:54:23.233+0530][gc,phases   ] GC(1)   Evacuate Collection Set: 1.4ms
[2025-10-16T17:54:23.233+0530][gc,phases   ] GC(1)   Post Evacuate Collection Set: 0.2ms
[2025-10-16T17:54:23.233+0530][gc,phases   ] GC(1)   Other: 0.1ms
[2025-10-16T17:54:23.233+0530][gc,heap     ] GC(1) Eden regions: 13->0(50)
[2025-10-16T17:54:23.233+0530][gc,heap     ] GC(1) Survivor regions: 7->1(7)
[2025-10-16T17:54:23.233+0530][gc,heap     ] GC(1) Old regions: 1->8
[2025-10-16T17:54:23.233+0530][gc,heap     ] GC(1) Archive regions: 2->2
[2025-10-16T17:54:23.233+0530][gc,heap     ] GC(1) Humongous regions: 0->0
[2025-10-16T17:54:23.233+0530][gc,metaspace] GC(1) Metaspace: 21302K(21504K)->21302K(21504K) NonClass: 18711K(18816K)->18711K(18816K) Class: 2590K(2688K)->2590K(2688K)
[2025-10-16T17:54:23.233+0530][gc          ] GC(1) Pause Young (Concurrent Start) (Metadata GC Threshold) 20M->9M(1024M) 1.888ms
[2025-10-16T17:54:23.233+0530][gc,cpu      ] GC(1) User=0.01s Sys=0.00s Real=0.00s
[2025-10-16T17:54:23.233+0530][gc          ] GC(2) Concurrent Mark Cycle
[2025-10-16T17:54:23.233+0530][gc,marking  ] GC(2) Concurrent Clear Claimed Marks
[2025-10-16T17:54:23.233+0530][gc,marking  ] GC(2) Concurrent Clear Claimed Marks 0.011ms
[2025-10-16T17:54:23.233+0530][gc,marking  ] GC(2) Concurrent Scan Root Regions
[2025-10-16T17:54:23.234+0530][gc,marking  ] GC(2) Concurrent Scan Root Regions 0.898ms
[2025-10-16T17:54:23.234+0530][gc,marking  ] GC(2) Concurrent Mark
[2025-10-16T17:54:23.234+0530][gc,marking  ] GC(2) Concurrent Mark From Roots
[2025-10-16T17:54:23.234+0530][gc,task     ] GC(2) Using 2 workers of 2 for marking
[2025-10-16T17:54:23.235+0530][gc,marking  ] GC(2) Concurrent Mark From Roots 0.665ms
[2025-10-16T17:54:23.235+0530][gc,marking  ] GC(2) Concurrent Preclean
[2025-10-16T17:54:23.235+0530][gc,marking  ] GC(2) Concurrent Preclean 0.013ms
[2025-10-16T17:54:23.235+0530][gc,start    ] GC(2) Pause Remark
[2025-10-16T17:54:23.236+0530][gc          ] GC(2) Pause Remark 9M->9M(1024M) 0.650ms
[2025-10-16T17:54:23.236+0530][gc,cpu      ] GC(2) User=0.00s Sys=0.00s Real=0.00s
[2025-10-16T17:54:23.236+0530][gc,marking  ] GC(2) Concurrent Mark 1.413ms
[2025-10-16T17:54:23.236+0530][gc,marking  ] GC(2) Concurrent Rebuild Remembered Sets
[2025-10-16T17:54:23.237+0530][gc,marking  ] GC(2) Concurrent Rebuild Remembered Sets 1.074ms
[2025-10-16T17:54:23.237+0530][gc,start    ] GC(2) Pause Cleanup
[2025-10-16T17:54:23.237+0530][gc          ] GC(2) Pause Cleanup 9M->9M(1024M) 0.071ms
[2025-10-16T17:54:23.237+0530][gc,cpu      ] GC(2) User=0.00s Sys=0.00s Real=0.00s
[2025-10-16T17:54:23.237+0530][gc,marking  ] GC(2) Concurrent Cleanup for Next Mark
[2025-10-16T17:54:23.238+0530][gc,marking  ] GC(2) Concurrent Cleanup for Next Mark 0.952ms
[2025-10-16T17:54:23.238+0530][gc          ] GC(2) Concurrent Mark Cycle 4.498ms
[2025-10-16T17:54:23.488+0530][gc,start    ] GC(3) Pause Young (Normal) (G1 Evacuation Pause)
[2025-10-16T17:54:23.488+0530][gc,task     ] GC(3) Using 9 workers of 9 for evacuation
[2025-10-16T17:54:23.490+0530][gc,phases   ] GC(3)   Pre Evacuate Collection Set: 0.1ms
[2025-10-16T17:54:23.490+0530][gc,phases   ] GC(3)   Merge Heap Roots: 0.0ms
[2025-10-16T17:54:23.490+0530][gc,phases   ] GC(3)   Evacuate Collection Set: 1.5ms
[2025-10-16T17:54:23.490+0530][gc,phases   ] GC(3)   Post Evacuate Collection Set: 0.2ms
[2025-10-16T17:54:23.490+0530][gc,phases   ] GC(3)   Other: 0.1ms
[2025-10-16T17:54:23.490+0530][gc,heap     ] GC(3) Eden regions: 50->0(45)
[2025-10-16T17:54:23.490+0530][gc,heap     ] GC(3) Survivor regions: 1->6(7)
[2025-10-16T17:54:23.490+0530][gc,heap     ] GC(3) Old regions: 8->8
[2025-10-16T17:54:23.490+0530][gc,heap     ] GC(3) Archive regions: 2->2
[2025-10-16T17:54:23.490+0530][gc,heap     ] GC(3) Humongous regions: 129->129
[2025-10-16T17:54:23.490+0530][gc,metaspace] GC(3) Metaspace: 32575K(32832K)->32575K(32832K) NonClass: 28911K(29056K)->28911K(29056K) Class: 3663K(3776K)->3663K(3776K)
[2025-10-16T17:54:23.490+0530][gc          ] GC(3) Pause Young (Normal) (G1 Evacuation Pause) 188M->143M(1024M) 1.878ms
[2025-10-16T17:54:23.490+0530][gc,cpu      ] GC(3) User=0.01s Sys=0.00s Real=0.01s
[2025-10-16T17:54:23.620+0530][gc,start    ] GC(4) Pause Young (Concurrent Start) (Metadata GC Threshold)
[2025-10-16T17:54:23.620+0530][gc,task     ] GC(4) Using 9 workers of 9 for evacuation
[2025-10-16T17:54:23.622+0530][gc,phases   ] GC(4)   Pre Evacuate Collection Set: 0.2ms
[2025-10-16T17:54:23.622+0530][gc,phases   ] GC(4)   Merge Heap Roots: 0.0ms
[2025-10-16T17:54:23.622+0530][gc,phases   ] GC(4)   Evacuate Collection Set: 1.5ms
[2025-10-16T17:54:23.622+0530][gc,phases   ] GC(4)   Post Evacuate Collection Set: 0.2ms
[2025-10-16T17:54:23.622+0530][gc,phases   ] GC(4)   Other: 0.1ms
[2025-10-16T17:54:23.622+0530][gc,heap     ] GC(4) Eden regions: 14->0(49)
[2025-10-16T17:54:23.622+0530][gc,heap     ] GC(4) Survivor regions: 6->2(7)
[2025-10-16T17:54:23.622+0530][gc,heap     ] GC(4) Old regions: 8->14
[2025-10-16T17:54:23.622+0530][gc,heap     ] GC(4) Archive regions: 2->2
[2025-10-16T17:54:23.622+0530][gc,heap     ] GC(4) Humongous regions: 129->129
[2025-10-16T17:54:23.622+0530][gc,metaspace] GC(4) Metaspace: 35626K(35968K)->35626K(35968K) NonClass: 31527K(31680K)->31527K(31680K) Class: 4099K(4288K)->4099K(4288K)
[2025-10-16T17:54:23.622+0530][gc          ] GC(4) Pause Young (Concurrent Start) (Metadata GC Threshold) 156M->144M(1024M) 2.077ms
[2025-10-16T17:54:23.622+0530][gc,cpu      ] GC(4) User=0.01s Sys=0.00s Real=0.00s
[2025-10-16T17:54:23.622+0530][gc          ] GC(5) Concurrent Mark Cycle
[2025-10-16T17:54:23.622+0530][gc,marking  ] GC(5) Concurrent Clear Claimed Marks
[2025-10-16T17:54:23.622+0530][gc,marking  ] GC(5) Concurrent Clear Claimed Marks 0.007ms
[2025-10-16T17:54:23.622+0530][gc,marking  ] GC(5) Concurrent Scan Root Regions
[2025-10-16T17:54:23.623+0530][gc,marking  ] GC(5) Concurrent Scan Root Regions 1.632ms
[2025-10-16T17:54:23.623+0530][gc,marking  ] GC(5) Concurrent Mark
[2025-10-16T17:54:23.623+0530][gc,marking  ] GC(5) Concurrent Mark From Roots
[2025-10-16T17:54:23.623+0530][gc,task     ] GC(5) Using 2 workers of 2 for marking
[2025-10-16T17:54:23.626+0530][gc,marking  ] GC(5) Concurrent Mark From Roots 2.207ms
[2025-10-16T17:54:23.626+0530][gc,marking  ] GC(5) Concurrent Preclean
[2025-10-16T17:54:23.626+0530][gc,marking  ] GC(5) Concurrent Preclean 0.036ms
[2025-10-16T17:54:23.626+0530][gc,start    ] GC(5) Pause Remark
[2025-10-16T17:54:23.626+0530][gc          ] GC(5) Pause Remark 145M->145M(1024M) 0.738ms
[2025-10-16T17:54:23.626+0530][gc,cpu      ] GC(5) User=0.00s Sys=0.00s Real=0.00s
[2025-10-16T17:54:23.626+0530][gc,marking  ] GC(5) Concurrent Mark 3.072ms
[2025-10-16T17:54:23.626+0530][gc,marking  ] GC(5) Concurrent Rebuild Remembered Sets
[2025-10-16T17:54:23.629+0530][gc,marking  ] GC(5) Concurrent Rebuild Remembered Sets 2.231ms
[2025-10-16T17:54:23.629+0530][gc,start    ] GC(5) Pause Cleanup
[2025-10-16T17:54:23.629+0530][gc          ] GC(5) Pause Cleanup 145M->145M(1024M) 0.078ms
[2025-10-16T17:54:23.629+0530][gc,cpu      ] GC(5) User=0.00s Sys=0.00s Real=0.00s
[2025-10-16T17:54:23.629+0530][gc,marking  ] GC(5) Concurrent Cleanup for Next Mark
[2025-10-16T17:54:23.630+0530][gc,marking  ] GC(5) Concurrent Cleanup for Next Mark 0.973ms
[2025-10-16T17:54:23.630+0530][gc          ] GC(5) Concurrent Mark Cycle 8.145ms
[2025-10-16T17:59:53.258+0530][gc,start    ] GC(6) Pause Young (Normal) (G1 Evacuation Pause)
[2025-10-16T17:59:53.259+0530][gc,task     ] GC(6) Using 9 workers of 9 for evacuation
[2025-10-16T17:59:53.281+0530][gc,mmu      ] GC(6) MMU target violated: 20.7ms (20.0ms/21.0ms)
[2025-10-16T17:59:53.281+0530][gc,phases   ] GC(6)   Pre Evacuate Collection Set: 1.4ms
[2025-10-16T17:59:53.281+0530][gc,phases   ] GC(6)   Merge Heap Roots: 0.3ms
[2025-10-16T17:59:53.281+0530][gc,phases   ] GC(6)   Evacuate Collection Set: 18.8ms
[2025-10-16T17:59:53.281+0530][gc,phases   ] GC(6)   Post Evacuate Collection Set: 0.7ms
[2025-10-16T17:59:53.281+0530][gc,phases   ] GC(6)   Other: 1.6ms
[2025-10-16T17:59:53.281+0530][gc,heap     ] GC(6) Eden regions: 49->0(46)
[2025-10-16T17:59:53.281+0530][gc,heap     ] GC(6) Survivor regions: 2->5(7)
[2025-10-16T17:59:53.281+0530][gc,heap     ] GC(6) Old regions: 14->14
[2025-10-16T17:59:53.281+0530][gc,heap     ] GC(6) Archive regions: 2->2
[2025-10-16T17:59:53.281+0530][gc,heap     ] GC(6) Humongous regions: 129->129
[2025-10-16T17:59:53.281+0530][gc,metaspace] GC(6) Metaspace: 41055K(41664K)->41055K(41664K) NonClass: 36121K(36480K)->36121K(36480K) Class: 4933K(5184K)->4933K(5184K)
[2025-10-16T17:59:53.281+0530][gc          ] GC(6) Pause Young (Normal) (G1 Evacuation Pause) 193M->147M(1024M) 22.856ms
[2025-10-16T17:59:53.281+0530][gc,cpu      ] GC(6) User=0.03s Sys=0.08s Real=0.03s
[2025-10-16T18:07:41.479+0530][gc,start    ] GC(7) Pause Young (Normal) (G1 Evacuation Pause)
[2025-10-16T18:07:41.480+0530][gc,task     ] GC(7) Using 9 workers of 9 for evacuation
[2025-10-16T18:07:41.486+0530][gc,phases   ] GC(7)   Pre Evacuate Collection Set: 0.6ms
[2025-10-16T18:07:41.486+0530][gc,phases   ] GC(7)   Merge Heap Roots: 0.2ms
[2025-10-16T18:07:41.486+0530][gc,phases   ] GC(7)   Evacuate Collection Set: 4.9ms
[2025-10-16T18:07:41.486+0530][gc,phases   ] GC(7)   Post Evacuate Collection Set: 0.4ms
[2025-10-16T18:07:41.486+0530][gc,phases   ] GC(7)   Other: 1.0ms
[2025-10-16T18:07:41.486+0530][gc,heap     ] GC(7) Eden regions: 46->0(45)
[2025-10-16T18:07:41.486+0530][gc,heap     ] GC(7) Survivor regions: 5->6(7)
[2025-10-16T18:07:41.486+0530][gc,heap     ] GC(7) Old regions: 14->15
[2025-10-16T18:07:41.486+0530][gc,heap     ] GC(7) Archive regions: 2->2
[2025-10-16T18:07:41.486+0530][gc,heap     ] GC(7) Humongous regions: 129->129
[2025-10-16T18:07:41.486+0530][gc,metaspace] GC(7) Metaspace: 42038K(42624K)->42038K(42624K) NonClass: 36981K(37312K)->36981K(37312K) Class: 5057K(5312K)->5057K(5312K)
[2025-10-16T18:07:41.486+0530][gc          ] GC(7) Pause Young (Normal) (G1 Evacuation Pause) 193M->149M(1024M) 7.251ms
[2025-10-16T18:07:41.486+0530][gc,cpu      ] GC(7) User=0.02s Sys=0.01s Real=0.01s
[2025-10-16T18:10:24.587+0530][gc,start    ] GC(8) Pause Young (Normal) (G1 Evacuation Pause)
[2025-10-16T18:10:24.588+0530][gc,task     ] GC(8) Using 9 workers of 9 for evacuation
[2025-10-16T18:10:24.614+0530][gc,mmu      ] GC(8) MMU target violated: 21.0ms (20.0ms/21.0ms)
[2025-10-16T18:10:24.614+0530][gc,phases   ] GC(8)   Pre Evacuate Collection Set: 0.6ms
[2025-10-16T18:10:24.614+0530][gc,phases   ] GC(8)   Merge Heap Roots: 0.3ms
[2025-10-16T18:10:24.614+0530][gc,phases   ] GC(8)   Evacuate Collection Set: 24.4ms
[2025-10-16T18:10:24.614+0530][gc,phases   ] GC(8)   Post Evacuate Collection Set: 0.5ms
[2025-10-16T18:10:24.614+0530][gc,phases   ] GC(8)   Other: 1.5ms
[2025-10-16T18:10:24.614+0530][gc,heap     ] GC(8) Eden regions: 45->0(44)
[2025-10-16T18:10:24.614+0530][gc,heap     ] GC(8) Survivor regions: 6->7(7)
[2025-10-16T18:10:24.614+0530][gc,heap     ] GC(8) Old regions: 15->17
[2025-10-16T18:10:24.614+0530][gc,heap     ] GC(8) Archive regions: 2->2
[2025-10-16T18:10:24.614+0530][gc,heap     ] GC(8) Humongous regions: 129->129
[2025-10-16T18:10:24.614+0530][gc,metaspace] GC(8) Metaspace: 42098K(42688K)->42098K(42688K) NonClass: 37038K(37376K)->37038K(37376K) Class: 5059K(5312K)->5059K(5312K)
[2025-10-16T18:10:24.614+0530][gc          ] GC(8) Pause Young (Normal) (G1 Evacuation Pause) 194M->153M(1024M) 27.192ms
[2025-10-16T18:10:24.614+0530][gc,cpu      ] GC(8) User=0.03s Sys=0.06s Real=0.03s
[2025-10-16T18:13:03.583+0530][gc,start    ] GC(9) Pause Young (Normal) (G1 Evacuation Pause)
[2025-10-16T18:13:03.584+0530][gc,task     ] GC(9) Using 9 workers of 9 for evacuation
[2025-10-16T18:13:03.598+0530][gc,phases   ] GC(9)   Pre Evacuate Collection Set: 1.0ms
[2025-10-16T18:13:03.599+0530][gc,phases   ] GC(9)   Merge Heap Roots: 0.2ms
[2025-10-16T18:13:03.599+0530][gc,phases   ] GC(9)   Evacuate Collection Set: 12.7ms
[2025-10-16T18:13:03.599+0530][gc,phases   ] GC(9)   Post Evacuate Collection Set: 0.6ms
[2025-10-16T18:13:03.599+0530][gc,phases   ] GC(9)   Other: 1.4ms
[2025-10-16T18:13:03.599+0530][gc,heap     ] GC(9) Eden regions: 44->0(46)
[2025-10-16T18:13:03.599+0530][gc,heap     ] GC(9) Survivor regions: 7->5(7)
[2025-10-16T18:13:03.599+0530][gc,heap     ] GC(9) Old regions: 17->19
[2025-10-16T18:13:03.599+0530][gc,heap     ] GC(9) Archive regions: 2->2
[2025-10-16T18:13:03.599+0530][gc,heap     ] GC(9) Humongous regions: 129->129
[2025-10-16T18:13:03.599+0530][gc,metaspace] GC(9) Metaspace: 42218K(42816K)->42218K(42816K) NonClass: 37130K(37440K)->37130K(37440K) Class: 5087K(5376K)->5087K(5376K)
[2025-10-16T18:13:03.599+0530][gc          ] GC(9) Pause Young (Normal) (G1 Evacuation Pause) 197M->152M(1024M) 16.173ms
[2025-10-16T18:13:03.599+0530][gc,cpu      ] GC(9) User=0.02s Sys=0.05s Real=0.01s
[2025-10-16T18:15:56.223+0530][gc,start    ] GC(10) Pause Young (Normal) (G1 Evacuation Pause)
[2025-10-16T18:15:56.224+0530][gc,task     ] GC(10) Using 9 workers of 9 for evacuation
[2025-10-16T18:15:56.241+0530][gc,phases   ] GC(10)   Pre Evacuate Collection Set: 0.9ms
[2025-10-16T18:15:56.241+0530][gc,phases   ] GC(10)   Merge Heap Roots: 0.2ms
[2025-10-16T18:15:56.242+0530][gc,phases   ] GC(10)   Evacuate Collection Set: 15.3ms
[2025-10-16T18:15:56.242+0530][gc,phases   ] GC(10)   Post Evacuate Collection Set: 0.5ms
[2025-10-16T18:15:56.242+0530][gc,phases   ] GC(10)   Other: 1.5ms
[2025-10-16T18:15:56.242+0530][gc,heap     ] GC(10) Eden regions: 46->0(46)
[2025-10-16T18:15:56.242+0530][gc,heap     ] GC(10) Survivor regions: 5->5(7)
[2025-10-16T18:15:56.242+0530][gc,heap     ] GC(10) Old regions: 19->22
[2025-10-16T18:15:56.242+0530][gc,heap     ] GC(10) Archive regions: 2->2
[2025-10-16T18:15:56.242+0530][gc,heap     ] GC(10) Humongous regions: 129->129
[2025-10-16T18:15:56.242+0530][gc,metaspace] GC(10) Metaspace: 42333K(42944K)->42333K(42944K) NonClass: 37242K(37568K)->37242K(37568K) Class: 5091K(5376K)->5091K(5376K)
[2025-10-16T18:15:56.242+0530][gc          ] GC(10) Pause Young (Normal) (G1 Evacuation Pause) 198M->156M(1024M) 18.586ms
[2025-10-16T18:15:56.242+0530][gc,cpu      ] GC(10) User=0.03s Sys=0.04s Real=0.02s
[2025-10-16T18:19:11.168+0530][gc,start    ] GC(11) Pause Young (Normal) (G1 Evacuation Pause)
[2025-10-16T18:19:11.169+0530][gc,task     ] GC(11) Using 9 workers of 9 for evacuation
[2025-10-16T18:19:11.202+0530][gc,mmu      ] GC(11) MMU target violated: 21.0ms (20.0ms/21.0ms)
[2025-10-16T18:19:11.202+0530][gc,phases   ] GC(11)   Pre Evacuate Collection Set: 0.7ms
[2025-10-16T18:19:11.202+0530][gc,phases   ] GC(11)   Merge Heap Roots: 0.3ms
[2025-10-16T18:19:11.202+0530][gc,phases   ] GC(11)   Evacuate Collection Set: 31.7ms
[2025-10-16T18:19:11.202+0530][gc,phases   ] GC(11)   Post Evacuate Collection Set: 0.5ms
[2025-10-16T18:19:11.202+0530][gc,phases   ] GC(11)   Other: 1.3ms
[2025-10-16T18:19:11.202+0530][gc,heap     ] GC(11) Eden regions: 46->0(46)
[2025-10-16T18:19:11.202+0530][gc,heap     ] GC(11) Survivor regions: 5->5(7)
[2025-10-16T18:19:11.202+0530][gc,heap     ] GC(11) Old regions: 22->24
[2025-10-16T18:19:11.202+0530][gc,heap     ] GC(11) Archive regions: 2->2
[2025-10-16T18:19:11.202+0530][gc,heap     ] GC(11) Humongous regions: 129->129
[2025-10-16T18:19:11.202+0530][gc,metaspace] GC(11) Metaspace: 42337K(42944K)->42337K(42944K) NonClass: 37246K(37568K)->37246K(37568K) Class: 5091K(5376K)->5091K(5376K)
[2025-10-16T18:19:11.202+0530][gc          ] GC(11) Pause Young (Normal) (G1 Evacuation Pause) 202M->157M(1024M) 34.574ms
[2025-10-16T18:19:11.203+0530][gc,cpu      ] GC(11) User=0.02s Sys=0.07s Real=0.04s
[2025-10-16T18:22:25.572+0530][gc,start    ] GC(12) Pause Young (Normal) (G1 Evacuation Pause)
[2025-10-16T18:22:25.573+0530][gc,task     ] GC(12) Using 9 workers of 9 for evacuation
[2025-10-16T18:22:25.587+0530][gc,phases   ] GC(12)   Pre Evacuate Collection Set: 0.7ms
[2025-10-16T18:22:25.587+0530][gc,phases   ] GC(12)   Merge Heap Roots: 0.2ms
[2025-10-16T18:22:25.587+0530][gc,phases   ] GC(12)   Evacuate Collection Set: 12.1ms
[2025-10-16T18:22:25.587+0530][gc,phases   ] GC(12)   Post Evacuate Collection Set: 0.3ms
[2025-10-16T18:22:25.587+0530][gc,phases   ] GC(12)   Other: 1.3ms
[2025-10-16T18:22:25.587+0530][gc,heap     ] GC(12) Eden regions: 46->0(46)
[2025-10-16T18:22:25.587+0530][gc,heap     ] GC(12) Survivor regions: 5->5(7)
[2025-10-16T18:22:25.587+0530][gc,heap     ] GC(12) Old regions: 24->28
[2025-10-16T18:22:25.587+0530][gc,heap     ] GC(12) Archive regions: 2->2
[2025-10-16T18:22:25.587+0530][gc,heap     ] GC(12) Humongous regions: 129->129
[2025-10-16T18:22:25.587+0530][gc,metaspace] GC(12) Metaspace: 42374K(43008K)->42374K(43008K) NonClass: 37283K(37632K)->37283K(37632K) Class: 5091K(5376K)->5091K(5376K)
[2025-10-16T18:22:25.587+0530][gc          ] GC(12) Pause Young (Normal) (G1 Evacuation Pause) 203M->161M(1024M) 14.696ms
[2025-10-16T18:22:25.587+0530][gc,cpu      ] GC(12) User=0.02s Sys=0.06s Real=0.01s
[2025-10-16T18:25:41.541+0530][gc,start    ] GC(13) Pause Young (Normal) (G1 Evacuation Pause)
[2025-10-16T18:25:41.543+0530][gc,task     ] GC(13) Using 9 workers of 9 for evacuation
[2025-10-16T18:25:41.550+0530][gc,phases   ] GC(13)   Pre Evacuate Collection Set: 0.6ms
[2025-10-16T18:25:41.550+0530][gc,phases   ] GC(13)   Merge Heap Roots: 0.2ms
[2025-10-16T18:25:41.550+0530][gc,phases   ] GC(13)   Evacuate Collection Set: 5.8ms
[2025-10-16T18:25:41.550+0530][gc,phases   ] GC(13)   Post Evacuate Collection Set: 0.7ms
[2025-10-16T18:25:41.550+0530][gc,phases   ] GC(13)   Other: 1.4ms
[2025-10-16T18:25:41.550+0530][gc,heap     ] GC(13) Eden regions: 46->0(48)
[2025-10-16T18:25:41.550+0530][gc,heap     ] GC(13) Survivor regions: 5->3(7)
[2025-10-16T18:25:41.550+0530][gc,heap     ] GC(13) Old regions: 28->29
[2025-10-16T18:25:41.550+0530][gc,heap     ] GC(13) Archive regions: 2->2
[2025-10-16T18:25:41.550+0530][gc,heap     ] GC(13) Humongous regions: 129->129
[2025-10-16T18:25:41.550+0530][gc,metaspace] GC(13) Metaspace: 42394K(43008K)->42394K(43008K) NonClass: 37303K(37632K)->37303K(37632K) Class: 5091K(5376K)->5091K(5376K)
[2025-10-16T18:25:41.550+0530][gc          ] GC(13) Pause Young (Normal) (G1 Evacuation Pause) 207M->160M(1024M) 8.943ms
[2025-10-16T18:25:41.550+0530][gc,cpu      ] GC(13) User=0.02s Sys=0.01s Real=0.01s
[2025-10-16T18:29:08.208+0530][gc,start    ] GC(14) Pause Young (Normal) (G1 Evacuation Pause)
[2025-10-16T18:29:08.209+0530][gc,task     ] GC(14) Using 9 workers of 9 for evacuation
[2025-10-16T18:29:08.229+0530][gc,phases   ] GC(14)   Pre Evacuate Collection Set: 1.2ms
[2025-10-16T18:29:08.229+0530][gc,phases   ] GC(14)   Merge Heap Roots: 0.2ms
[2025-10-16T18:29:08.229+0530][gc,phases   ] GC(14)   Evacuate Collection Set: 16.4ms
[2025-10-16T18:29:08.229+0530][gc,phases   ] GC(14)   Post Evacuate Collection Set: 2.0ms
[2025-10-16T18:29:08.229+0530][gc,phases   ] GC(14)   Other: 1.4ms
[2025-10-16T18:29:08.229+0530][gc,heap     ] GC(14) Eden regions: 48->0(44)
[2025-10-16T18:29:08.229+0530][gc,heap     ] GC(14) Survivor regions: 3->7(7)
[2025-10-16T18:29:08.229+0530][gc,heap     ] GC(14) Old regions: 29->29
[2025-10-16T18:29:08.229+0530][gc,heap     ] GC(14) Archive regions: 2->2
[2025-10-16T18:29:08.229+0530][gc,heap     ] GC(14) Humongous regions: 129->129
[2025-10-16T18:29:08.229+0530][gc,metaspace] GC(14) Metaspace: 42400K(43008K)->42400K(43008K) NonClass: 37308K(37632K)->37308K(37632K) Class: 5091K(5376K)->5091K(5376K)
[2025-10-16T18:29:08.229+0530][gc          ] GC(14) Pause Young (Normal) (G1 Evacuation Pause) 208M->165M(1024M) 21.422ms
[2025-10-16T18:29:08.229+0530][gc,cpu      ] GC(14) User=0.03s Sys=0.05s Real=0.02s
[2025-10-16T18:31:55.144+0530][gc,start    ] GC(15) Pause Young (Normal) (G1 Evacuation Pause)
[2025-10-16T18:31:55.145+0530][gc,task     ] GC(15) Using 9 workers of 9 for evacuation
[2025-10-16T18:31:55.156+0530][gc,phases   ] GC(15)   Pre Evacuate Collection Set: 0.8ms
[2025-10-16T18:31:55.156+0530][gc,phases   ] GC(15)   Merge Heap Roots: 0.1ms
[2025-10-16T18:31:55.156+0530][gc,phases   ] GC(15)   Evacuate Collection Set: 9.6ms
[2025-10-16T18:31:55.156+0530][gc,phases   ] GC(15)   Post Evacuate Collection Set: 0.4ms
[2025-10-16T18:31:55.156+0530][gc,phases   ] GC(15)   Other: 0.9ms
[2025-10-16T18:31:55.156+0530][gc,heap     ] GC(15) Eden regions: 44->0(46)
[2025-10-16T18:31:55.156+0530][gc,heap     ] GC(15) Survivor regions: 7->5(7)
[2025-10-16T18:31:55.156+0530][gc,heap     ] GC(15) Old regions: 29->36
[2025-10-16T18:31:55.156+0530][gc,heap     ] GC(15) Archive regions: 2->2
[2025-10-16T18:31:55.156+0530][gc,heap     ] GC(15) Humongous regions: 129->129
[2025-10-16T18:31:55.156+0530][gc,metaspace] GC(15) Metaspace: 42473K(43072K)->42473K(43072K) NonClass: 37382K(37696K)->37382K(37696K) Class: 5091K(5376K)->5091K(5376K)
[2025-10-16T18:31:55.156+0530][gc          ] GC(15) Pause Young (Normal) (G1 Evacuation Pause) 209M->169M(1024M) 11.842ms
[2025-10-16T18:31:55.156+0530][gc,cpu      ] GC(15) User=0.02s Sys=0.04s Real=0.01s
[2025-10-16T18:34:49.082+0530][gc,start    ] GC(16) Pause Young (Normal) (G1 Evacuation Pause)
[2025-10-16T18:34:49.082+0530][gc,task     ] GC(16) Using 9 workers of 9 for evacuation
[2025-10-16T18:34:49.098+0530][gc,phases   ] GC(16)   Pre Evacuate Collection Set: 0.4ms
[2025-10-16T18:34:49.098+0530][gc,phases   ] GC(16)   Merge Heap Roots: 0.1ms
[2025-10-16T18:34:49.098+0530][gc,phases   ] GC(16)   Evacuate Collection Set: 14.7ms
[2025-10-16T18:34:49.098+0530][gc,phases   ] GC(16)   Post Evacuate Collection Set: 0.6ms
[2025-10-16T18:34:49.098+0530][gc,phases   ] GC(16)   Other: 0.5ms
[2025-10-16T18:34:49.098+0530][gc,heap     ] GC(16) Eden regions: 46->0(47)
[2025-10-16T18:34:49.098+0530][gc,heap     ] GC(16) Survivor regions: 5->4(7)
[2025-10-16T18:34:49.098+0530][gc,heap     ] GC(16) Old regions: 36->37
[2025-10-16T18:34:49.098+0530][gc,heap     ] GC(16) Archive regions: 2->2
[2025-10-16T18:34:49.098+0530][gc,heap     ] GC(16) Humongous regions: 129->129
[2025-10-16T18:34:49.098+0530][gc,metaspace] GC(16) Metaspace: 42547K(43200K)->42547K(43200K) NonClass: 37455K(37824K)->37455K(37824K) Class: 5091K(5376K)->5091K(5376K)
[2025-10-16T18:34:49.098+0530][gc          ] GC(16) Pause Young (Normal) (G1 Evacuation Pause) 215M->170M(1024M) 16.483ms
[2025-10-16T18:34:49.098+0530][gc,cpu      ] GC(16) User=0.02s Sys=0.04s Real=0.01s
[2025-10-16T18:37:48.782+0530][gc,start    ] GC(17) Pause Young (Normal) (G1 Evacuation Pause)
[2025-10-16T18:37:48.783+0530][gc,task     ] GC(17) Using 9 workers of 9 for evacuation
[2025-10-16T18:37:48.788+0530][gc,phases   ] GC(17)   Pre Evacuate Collection Set: 0.7ms
[2025-10-16T18:37:48.788+0530][gc,phases   ] GC(17)   Merge Heap Roots: 0.2ms
[2025-10-16T18:37:48.788+0530][gc,phases   ] GC(17)   Evacuate Collection Set: 3.9ms
[2025-10-16T18:37:48.788+0530][gc,phases   ] GC(17)   Post Evacuate Collection Set: 0.4ms
[2025-10-16T18:37:48.788+0530][gc,phases   ] GC(17)   Other: 1.1ms
[2025-10-16T18:37:48.788+0530][gc,heap     ] GC(17) Eden regions: 47->0(70)
[2025-10-16T18:37:48.788+0530][gc,heap     ] GC(17) Survivor regions: 4->4(7)
[2025-10-16T18:37:48.788+0530][gc,heap     ] GC(17) Old regions: 37->37
[2025-10-16T18:37:48.788+0530][gc,heap     ] GC(17) Archive regions: 2->2
[2025-10-16T18:37:48.788+0530][gc,heap     ] GC(17) Humongous regions: 129->129
[2025-10-16T18:37:48.788+0530][gc,metaspace] GC(17) Metaspace: 42590K(43200K)->42590K(43200K) NonClass: 37499K(37824K)->37499K(37824K) Class: 5091K(5376K)->5091K(5376K)
[2025-10-16T18:37:48.788+0530][gc          ] GC(17) Pause Young (Normal) (G1 Evacuation Pause) 217M->169M(1024M) 6.530ms
[2025-10-16T18:37:48.788+0530][gc,cpu      ] GC(17) User=0.01s Sys=0.01s Real=0.00s
[2025-10-16T18:42:18.665+0530][gc,start    ] GC(18) Pause Young (Normal) (G1 Evacuation Pause)
[2025-10-16T18:42:18.666+0530][gc,task     ] GC(18) Using 9 workers of 9 for evacuation
[2025-10-16T18:42:18.670+0530][gc,phases   ] GC(18)   Pre Evacuate Collection Set: 0.4ms
[2025-10-16T18:42:18.670+0530][gc,phases   ] GC(18)   Merge Heap Roots: 0.1ms
[2025-10-16T18:42:18.670+0530][gc,phases   ] GC(18)   Evacuate Collection Set: 2.6ms
[2025-10-16T18:42:18.670+0530][gc,phases   ] GC(18)   Post Evacuate Collection Set: 0.3ms
[2025-10-16T18:42:18.670+0530][gc,phases   ] GC(18)   Other: 1.1ms
[2025-10-16T18:42:18.670+0530][gc,heap     ] GC(18) Eden regions: 70->0(112)
[2025-10-16T18:42:18.670+0530][gc,heap     ] GC(18) Survivor regions: 4->6(10)
[2025-10-16T18:42:18.670+0530][gc,heap     ] GC(18) Old regions: 37->37
[2025-10-16T18:42:18.670+0530][gc,heap     ] GC(18) Archive regions: 2->2
[2025-10-16T18:42:18.670+0530][gc,heap     ] GC(18) Humongous regions: 129->129
[2025-10-16T18:42:18.670+0530][gc,metaspace] GC(18) Metaspace: 42643K(43264K)->42643K(43264K) NonClass: 37551K(37888K)->37551K(37888K) Class: 5091K(5376K)->5091K(5376K)
[2025-10-16T18:42:18.670+0530][gc          ] GC(18) Pause Young (Normal) (G1 Evacuation Pause) 239M->171M(1024M) 4.637ms
[2025-10-16T18:42:18.670+0530][gc,cpu      ] GC(18) User=0.01s Sys=0.01s Real=0.01s
[2025-10-16T18:49:36.996+0530][gc,start    ] GC(19) Pause Young (Normal) (G1 Evacuation Pause)
[2025-10-16T18:49:36.998+0530][gc,task     ] GC(19) Using 9 workers of 9 for evacuation
[2025-10-16T18:49:37.017+0530][gc,phases   ] GC(19)   Pre Evacuate Collection Set: 1.2ms
[2025-10-16T18:49:37.017+0530][gc,phases   ] GC(19)   Merge Heap Roots: 0.5ms
[2025-10-16T18:49:37.017+0530][gc,phases   ] GC(19)   Evacuate Collection Set: 16.6ms
[2025-10-16T18:49:37.017+0530][gc,phases   ] GC(19)   Post Evacuate Collection Set: 0.7ms
[2025-10-16T18:49:37.017+0530][gc,phases   ] GC(19)   Other: 1.6ms
[2025-10-16T18:49:37.017+0530][gc,heap     ] GC(19) Eden regions: 112->0(54)
[2025-10-16T18:49:37.017+0530][gc,heap     ] GC(19) Survivor regions: 6->12(15)
[2025-10-16T18:49:37.017+0530][gc,heap     ] GC(19) Old regions: 37->37
[2025-10-16T18:49:37.017+0530][gc,heap     ] GC(19) Archive regions: 2->2
[2025-10-16T18:49:37.017+0530][gc,heap     ] GC(19) Humongous regions: 129->129
[2025-10-16T18:49:37.017+0530][gc,metaspace] GC(19) Metaspace: 42690K(43264K)->42690K(43264K) NonClass: 37598K(37888K)->37598K(37888K) Class: 5091K(5376K)->5091K(5376K)
[2025-10-16T18:49:37.017+0530][gc          ] GC(19) Pause Young (Normal) (G1 Evacuation Pause) 283M->178M(1024M) 20.673ms
[2025-10-16T18:49:37.017+0530][gc,cpu      ] GC(19) User=0.04s Sys=0.03s Real=0.02s
[2025-10-16T18:53:04.785+0530][gc,start    ] GC(20) Pause Young (Normal) (G1 Evacuation Pause)
[2025-10-16T18:53:04.786+0530][gc,task     ] GC(20) Using 9 workers of 9 for evacuation
[2025-10-16T18:53:04.809+0530][gc,mmu      ] GC(20) MMU target violated: 21.0ms (20.0ms/21.0ms)
[2025-10-16T18:53:04.809+0530][gc,phases   ] GC(20)   Pre Evacuate Collection Set: 1.4ms
[2025-10-16T18:53:04.809+0530][gc,phases   ] GC(20)   Merge Heap Roots: 0.5ms
[2025-10-16T18:53:04.809+0530][gc,phases   ] GC(20)   Evacuate Collection Set: 20.0ms
[2025-10-16T18:53:04.809+0530][gc,phases   ] GC(20)   Post Evacuate Collection Set: 0.4ms
[2025-10-16T18:53:04.809+0530][gc,phases   ] GC(20)   Other: 1.6ms
[2025-10-16T18:53:04.809+0530][gc,heap     ] GC(20) Eden regions: 54->0(56)
[2025-10-16T18:53:04.809+0530][gc,heap     ] GC(20) Survivor regions: 12->7(9)
[2025-10-16T18:53:04.809+0530][gc,heap     ] GC(20) Old regions: 37->43
[2025-10-16T18:53:04.809+0530][gc,heap     ] GC(20) Archive regions: 2->2
[2025-10-16T18:53:04.809+0530][gc,heap     ] GC(20) Humongous regions: 129->129
[2025-10-16T18:53:04.809+0530][gc,metaspace] GC(20) Metaspace: 42704K(43328K)->42704K(43328K) NonClass: 37613K(37952K)->37613K(37952K) Class: 5091K(5376K)->5091K(5376K)
[2025-10-16T18:53:04.809+0530][gc          ] GC(20) Pause Young (Normal) (G1 Evacuation Pause) 232M->179M(1024M) 23.976ms
[2025-10-16T18:53:04.809+0530][gc,cpu      ] GC(20) User=0.05s Sys=0.05s Real=0.02s
[2025-10-16T18:56:27.101+0530][gc,start    ] GC(21) Pause Young (Normal) (G1 Evacuation Pause)
[2025-10-16T18:56:27.102+0530][gc,task     ] GC(21) Using 9 workers of 9 for evacuation
[2025-10-16T18:56:27.112+0530][gc,phases   ] GC(21)   Pre Evacuate Collection Set: 0.5ms
[2025-10-16T18:56:27.112+0530][gc,phases   ] GC(21)   Merge Heap Roots: 0.3ms
[2025-10-16T18:56:27.112+0530][gc,phases   ] GC(21)   Evacuate Collection Set: 8.6ms
[2025-10-16T18:56:27.112+0530][gc,phases   ] GC(21)   Post Evacuate Collection Set: 0.6ms
[2025-10-16T18:56:27.112+0530][gc,phases   ] GC(21)   Other: 0.9ms
[2025-10-16T18:56:27.112+0530][gc,heap     ] GC(21) Eden regions: 56->0(91)
[2025-10-16T18:56:27.112+0530][gc,heap     ] GC(21) Survivor regions: 7->7(8)
[2025-10-16T18:56:27.112+0530][gc,heap     ] GC(21) Old regions: 43->45
[2025-10-16T18:56:27.112+0530][gc,heap     ] GC(21) Archive regions: 2->2
[2025-10-16T18:56:27.112+0530][gc,heap     ] GC(21) Humongous regions: 129->129
[2025-10-16T18:56:27.112+0530][gc,metaspace] GC(21) Metaspace: 42735K(43392K)->42735K(43392K) NonClass: 37640K(38016K)->37640K(38016K) Class: 5094K(5376K)->5094K(5376K)
[2025-10-16T18:56:27.112+0530][gc          ] GC(21) Pause Young (Normal) (G1 Evacuation Pause) 235M->181M(1024M) 11.166ms
[2025-10-16T18:56:27.113+0530][gc,cpu      ] GC(21) User=0.03s Sys=0.01s Real=0.01s
[2025-10-16T19:01:56.616+0530][gc,start    ] GC(22) Pause Young (Normal) (G1 Evacuation Pause)
[2025-10-16T19:01:56.616+0530][gc,task     ] GC(22) Using 9 workers of 9 for evacuation
[2025-10-16T19:01:56.632+0530][gc,phases   ] GC(22)   Pre Evacuate Collection Set: 0.8ms
[2025-10-16T19:01:56.632+0530][gc,phases   ] GC(22)   Merge Heap Roots: 0.2ms
[2025-10-16T19:01:56.632+0530][gc,phases   ] GC(22)   Evacuate Collection Set: 13.8ms
[2025-10-16T19:01:56.632+0530][gc,phases   ] GC(22)   Post Evacuate Collection Set: 0.6ms
[2025-10-16T19:01:56.632+0530][gc,phases   ] GC(22)   Other: 0.9ms
[2025-10-16T19:01:56.632+0530][gc,heap     ] GC(22) Eden regions: 85->0(52)
[2025-10-16T19:01:56.632+0530][gc,heap     ] GC(22) Survivor regions: 7->9(12)
[2025-10-16T19:01:56.632+0530][gc,heap     ] GC(22) Old regions: 45->45
[2025-10-16T19:01:56.632+0530][gc,heap     ] GC(22) Archive regions: 2->2
[2025-10-16T19:01:56.632+0530][gc,heap     ] GC(22) Humongous regions: 129->129
[2025-10-16T19:01:56.632+0530][gc,metaspace] GC(22) Metaspace: 42759K(43392K)->42759K(43392K) NonClass: 37664K(38016K)->37664K(38016K) Class: 5094K(5376K)->5094K(5376K)
[2025-10-16T19:01:56.632+0530][gc          ] GC(22) Pause Young (Normal) (G1 Evacuation Pause) 266M->182M(1024M) 16.553ms
[2025-10-16T19:01:56.632+0530][gc,cpu      ] GC(22) User=0.03s Sys=0.03s Real=0.02s
[2025-10-16T19:05:16.556+0530][gc,start    ] GC(23) Pause Young (Normal) (G1 Evacuation Pause)
[2025-10-16T19:05:16.557+0530][gc,task     ] GC(23) Using 9 workers of 9 for evacuation
[2025-10-16T19:05:16.570+0530][gc,phases   ] GC(23)   Pre Evacuate Collection Set: 0.8ms
[2025-10-16T19:05:16.570+0530][gc,phases   ] GC(23)   Merge Heap Roots: 0.2ms
[2025-10-16T19:05:16.570+0530][gc,phases   ] GC(23)   Evacuate Collection Set: 11.5ms
[2025-10-16T19:05:16.570+0530][gc,phases   ] GC(23)   Post Evacuate Collection Set: 0.6ms
[2025-10-16T19:05:16.571+0530][gc,phases   ] GC(23)   Other: 1.3ms
[2025-10-16T19:05:16.571+0530][gc,heap     ] GC(23) Eden regions: 52->0(186)
[2025-10-16T19:05:16.571+0530][gc,heap     ] GC(23) Survivor regions: 9->5(8)
[2025-10-16T19:05:16.571+0530][gc,heap     ] GC(23) Old regions: 45->47
[2025-10-16T19:05:16.571+0530][gc,heap     ] GC(23) Archive regions: 2->2
[2025-10-16T19:05:16.571+0530][gc,heap     ] GC(23) Humongous regions: 129->129
[2025-10-16T19:05:16.571+0530][gc,metaspace] GC(23) Metaspace: 42766K(43392K)->42766K(43392K) NonClass: 37671K(38016K)->37671K(38016K) Class: 5094K(5376K)->5094K(5376K)
[2025-10-16T19:05:16.571+0530][gc          ] GC(23) Pause Young (Normal) (G1 Evacuation Pause) 234M->181M(1024M) 14.880ms
[2025-10-16T19:05:16.571+0530][gc,cpu      ] GC(23) User=0.03s Sys=0.03s Real=0.02s
[2025-10-16T19:12:55.134+0530][gc,heap,exit] Heap
[2025-10-16T19:12:55.135+0530][gc,heap,exit]  garbage-first heap   total 1048576K, used 319279K [0x00000007c0000000, 0x0000000800000000)
[2025-10-16T19:12:55.135+0530][gc,heap,exit]   region size 1024K, 135 young (138240K), 5 survivors (5120K)
[2025-10-16T19:12:55.135+0530][gc,heap,exit]  Metaspace       used 43659K, committed 44352K, reserved 1114112K
[2025-10-16T19:12:55.135+0530][gc,heap,exit]   class space    used 5282K, committed 5568K, reserved 1048576K
