[2025-10-19T00:46:50.954+0530][gc] Using G1
[2025-10-19T00:46:50.955+0530][gc,init] Version: 17.0.15+6 (release)
[2025-10-19T00:46:50.955+0530][gc,init] CPUs: 11 total, 11 available
[2025-10-19T00:46:50.955+0530][gc,init] Memory: 18432M
[2025-10-19T00:46:50.955+0530][gc,init] Large Page Support: Disabled
[2025-10-19T00:46:50.955+0530][gc,init] NUMA Support: Disabled
[2025-10-19T00:46:50.955+0530][gc,init] Compressed Oops: Enabled (Zero based)
[2025-10-19T00:46:50.955+0530][gc,init] Heap Region Size: 1M
[2025-10-19T00:46:50.955+0530][gc,init] Heap Min Capacity: 1G
[2025-10-19T00:46:50.955+0530][gc,init] Heap Initial Capacity: 1G
[2025-10-19T00:46:50.955+0530][gc,init] Heap Max Capacity: 1G
[2025-10-19T00:46:50.955+0530][gc,init] Pre-touch: Disabled
[2025-10-19T00:46:50.955+0530][gc,init] Parallel Workers: 9
[2025-10-19T00:46:50.955+0530][gc,init] Concurrent Workers: 2
[2025-10-19T00:46:50.955+0530][gc,init] Concurrent Refinement Workers: 9
[2025-10-19T00:46:50.955+0530][gc,init] Periodic GC: Disabled
[2025-10-19T00:46:50.958+0530][gc,metaspace] CDS archive(s) mapped at: [0x000000b800000000-0x000000b800bc0000-0x000000b800bc0000), size 12320768, SharedBaseAddress: 0x000000b800000000, ArchiveRelocationMode: 1.
[2025-10-19T00:46:50.958+0530][gc,metaspace] Compressed class space mapped at: 0x000000b801000000-0x000000b841000000, reserved size: 1073741824
[2025-10-19T00:46:50.958+0530][gc,metaspace] Narrow klass base: 0x000000b800000000, Narrow klass shift: 0, Narrow klass range: 0x100000000
[2025-10-19T00:46:51.479+0530][gc,start    ] GC(0) Pause Young (Normal) (G1 Evacuation Pause)
[2025-10-19T00:46:51.480+0530][gc,task     ] GC(0) Using 9 workers of 9 for evacuation
[2025-10-19T00:46:51.482+0530][gc,phases   ] GC(0)   Pre Evacuate Collection Set: 0.1ms
[2025-10-19T00:46:51.482+0530][gc,phases   ] GC(0)   Merge Heap Roots: 0.0ms
[2025-10-19T00:46:51.482+0530][gc,phases   ] GC(0)   Evacuate Collection Set: 1.7ms
[2025-10-19T00:46:51.482+0530][gc,phases   ] GC(0)   Post Evacuate Collection Set: 0.2ms
[2025-10-19T00:46:51.482+0530][gc,phases   ] GC(0)   Other: 0.2ms
[2025-10-19T00:46:51.482+0530][gc,heap     ] GC(0) Eden regions: 51->0(44)
[2025-10-19T00:46:51.482+0530][gc,heap     ] GC(0) Survivor regions: 0->7(7)
[2025-10-19T00:46:51.482+0530][gc,heap     ] GC(0) Old regions: 0->1
[2025-10-19T00:46:51.482+0530][gc,heap     ] GC(0) Archive regions: 2->2
[2025-10-19T00:46:51.482+0530][gc,heap     ] GC(0) Humongous regions: 0->0
[2025-10-19T00:46:51.482+0530][gc,metaspace] GC(0) Metaspace: 18048K(18240K)->18048K(18240K) NonClass: 15898K(16000K)->15898K(16000K) Class: 2150K(2240K)->2150K(2240K)
[2025-10-19T00:46:51.482+0530][gc          ] GC(0) Pause Young (Normal) (G1 Evacuation Pause) 51M->8M(1024M) 2.382ms
[2025-10-19T00:46:51.482+0530][gc,cpu      ] GC(0) User=0.01s Sys=0.00s Real=0.01s
[2025-10-19T00:46:51.598+0530][gc,start    ] GC(1) Pause Young (Concurrent Start) (Metadata GC Threshold)
[2025-10-19T00:46:51.598+0530][gc,task     ] GC(1) Using 9 workers of 9 for evacuation
[2025-10-19T00:46:51.600+0530][gc,phases   ] GC(1)   Pre Evacuate Collection Set: 0.1ms
[2025-10-19T00:46:51.600+0530][gc,phases   ] GC(1)   Merge Heap Roots: 0.0ms
[2025-10-19T00:46:51.600+0530][gc,phases   ] GC(1)   Evacuate Collection Set: 1.4ms
[2025-10-19T00:46:51.600+0530][gc,phases   ] GC(1)   Post Evacuate Collection Set: 0.2ms
[2025-10-19T00:46:51.600+0530][gc,phases   ] GC(1)   Other: 0.1ms
[2025-10-19T00:46:51.600+0530][gc,heap     ] GC(1) Eden regions: 13->0(49)
[2025-10-19T00:46:51.600+0530][gc,heap     ] GC(1) Survivor regions: 7->2(7)
[2025-10-19T00:46:51.600+0530][gc,heap     ] GC(1) Old regions: 1->8
[2025-10-19T00:46:51.600+0530][gc,heap     ] GC(1) Archive regions: 2->2
[2025-10-19T00:46:51.600+0530][gc,heap     ] GC(1) Humongous regions: 0->0
[2025-10-19T00:46:51.600+0530][gc,metaspace] GC(1) Metaspace: 21318K(21504K)->21318K(21504K) NonClass: 18724K(18816K)->18724K(18816K) Class: 2593K(2688K)->2593K(2688K)
[2025-10-19T00:46:51.600+0530][gc          ] GC(1) Pause Young (Concurrent Start) (Metadata GC Threshold) 21M->10M(1024M) 1.853ms
[2025-10-19T00:46:51.600+0530][gc,cpu      ] GC(1) User=0.01s Sys=0.01s Real=0.01s
[2025-10-19T00:46:51.600+0530][gc          ] GC(2) Concurrent Mark Cycle
[2025-10-19T00:46:51.600+0530][gc,marking  ] GC(2) Concurrent Clear Claimed Marks
[2025-10-19T00:46:51.600+0530][gc,marking  ] GC(2) Concurrent Clear Claimed Marks 0.006ms
[2025-10-19T00:46:51.600+0530][gc,marking  ] GC(2) Concurrent Scan Root Regions
[2025-10-19T00:46:51.601+0530][gc,marking  ] GC(2) Concurrent Scan Root Regions 1.014ms
[2025-10-19T00:46:51.601+0530][gc,marking  ] GC(2) Concurrent Mark
[2025-10-19T00:46:51.601+0530][gc,marking  ] GC(2) Concurrent Mark From Roots
[2025-10-19T00:46:51.601+0530][gc,task     ] GC(2) Using 2 workers of 2 for marking
[2025-10-19T00:46:51.602+0530][gc,marking  ] GC(2) Concurrent Mark From Roots 0.909ms
[2025-10-19T00:46:51.602+0530][gc,marking  ] GC(2) Concurrent Preclean
[2025-10-19T00:46:51.602+0530][gc,marking  ] GC(2) Concurrent Preclean 0.013ms
[2025-10-19T00:46:51.602+0530][gc,start    ] GC(2) Pause Remark
[2025-10-19T00:46:51.603+0530][gc          ] GC(2) Pause Remark 10M->10M(1024M) 1.324ms
[2025-10-19T00:46:51.603+0530][gc,cpu      ] GC(2) User=0.00s Sys=0.00s Real=0.00s
[2025-10-19T00:46:51.603+0530][gc,marking  ] GC(2) Concurrent Mark 2.368ms
[2025-10-19T00:46:51.603+0530][gc,marking  ] GC(2) Concurrent Rebuild Remembered Sets
[2025-10-19T00:46:51.603+0530][gc,marking  ] GC(2) Concurrent Rebuild Remembered Sets 0.005ms
[2025-10-19T00:46:51.603+0530][gc,start    ] GC(2) Pause Cleanup
[2025-10-19T00:46:51.603+0530][gc          ] GC(2) Pause Cleanup 10M->10M(1024M) 0.008ms
[2025-10-19T00:46:51.603+0530][gc,cpu      ] GC(2) User=0.00s Sys=0.00s Real=0.00s
[2025-10-19T00:46:51.603+0530][gc,marking  ] GC(2) Concurrent Cleanup for Next Mark
[2025-10-19T00:46:51.605+0530][gc,marking  ] GC(2) Concurrent Cleanup for Next Mark 1.467ms
[2025-10-19T00:46:51.605+0530][gc          ] GC(2) Concurrent Mark Cycle 5.012ms
[2025-10-19T00:46:51.929+0530][gc,start    ] GC(3) Pause Young (Normal) (G1 Evacuation Pause)
[2025-10-19T00:46:51.929+0530][gc,task     ] GC(3) Using 9 workers of 9 for evacuation
[2025-10-19T00:46:51.930+0530][gc,phases   ] GC(3)   Pre Evacuate Collection Set: 0.1ms
[2025-10-19T00:46:51.930+0530][gc,phases   ] GC(3)   Merge Heap Roots: 0.0ms
[2025-10-19T00:46:51.930+0530][gc,phases   ] GC(3)   Evacuate Collection Set: 1.4ms
[2025-10-19T00:46:51.930+0530][gc,phases   ] GC(3)   Post Evacuate Collection Set: 0.2ms
[2025-10-19T00:46:51.930+0530][gc,phases   ] GC(3)   Other: 0.1ms
[2025-10-19T00:46:51.930+0530][gc,heap     ] GC(3) Eden regions: 49->0(45)
[2025-10-19T00:46:51.930+0530][gc,heap     ] GC(3) Survivor regions: 2->6(7)
[2025-10-19T00:46:51.930+0530][gc,heap     ] GC(3) Old regions: 8->8
[2025-10-19T00:46:51.930+0530][gc,heap     ] GC(3) Archive regions: 2->2
[2025-10-19T00:46:51.930+0530][gc,heap     ] GC(3) Humongous regions: 129->129
[2025-10-19T00:46:51.930+0530][gc,metaspace] GC(3) Metaspace: 30180K(30464K)->30180K(30464K) NonClass: 26743K(26880K)->26743K(26880K) Class: 3437K(3584K)->3437K(3584K)
[2025-10-19T00:46:51.930+0530][gc          ] GC(3) Pause Young (Normal) (G1 Evacuation Pause) 188M->143M(1024M) 1.821ms
[2025-10-19T00:46:51.930+0530][gc,cpu      ] GC(3) User=0.01s Sys=0.00s Real=0.01s
[2025-10-19T00:46:52.040+0530][gc,start    ] GC(4) Pause Young (Concurrent Start) (Metadata GC Threshold)
[2025-10-19T00:46:52.040+0530][gc,task     ] GC(4) Using 9 workers of 9 for evacuation
[2025-10-19T00:46:52.042+0530][gc,phases   ] GC(4)   Pre Evacuate Collection Set: 0.1ms
[2025-10-19T00:46:52.042+0530][gc,phases   ] GC(4)   Merge Heap Roots: 0.0ms
[2025-10-19T00:46:52.042+0530][gc,phases   ] GC(4)   Evacuate Collection Set: 1.3ms
[2025-10-19T00:46:52.042+0530][gc,phases   ] GC(4)   Post Evacuate Collection Set: 0.2ms
[2025-10-19T00:46:52.042+0530][gc,phases   ] GC(4)   Other: 0.1ms
[2025-10-19T00:46:52.042+0530][gc,heap     ] GC(4) Eden regions: 23->0(49)
[2025-10-19T00:46:52.042+0530][gc,heap     ] GC(4) Survivor regions: 6->2(7)
[2025-10-19T00:46:52.042+0530][gc,heap     ] GC(4) Old regions: 8->14
[2025-10-19T00:46:52.042+0530][gc,heap     ] GC(4) Archive regions: 2->2
[2025-10-19T00:46:52.042+0530][gc,heap     ] GC(4) Humongous regions: 129->129
[2025-10-19T00:46:52.042+0530][gc,metaspace] GC(4) Metaspace: 35631K(35968K)->35631K(35968K) NonClass: 31591K(31744K)->31591K(31744K) Class: 4039K(4224K)->4039K(4224K)
[2025-10-19T00:46:52.042+0530][gc          ] GC(4) Pause Young (Concurrent Start) (Metadata GC Threshold) 165M->145M(1024M) 1.722ms
[2025-10-19T00:46:52.042+0530][gc,cpu      ] GC(4) User=0.01s Sys=0.00s Real=0.00s
[2025-10-19T00:46:52.042+0530][gc          ] GC(5) Concurrent Mark Cycle
[2025-10-19T00:46:52.042+0530][gc,marking  ] GC(5) Concurrent Clear Claimed Marks
[2025-10-19T00:46:52.042+0530][gc,marking  ] GC(5) Concurrent Clear Claimed Marks 0.013ms
[2025-10-19T00:46:52.042+0530][gc,marking  ] GC(5) Concurrent Scan Root Regions
[2025-10-19T00:46:52.043+0530][gc,marking  ] GC(5) Concurrent Scan Root Regions 1.242ms
[2025-10-19T00:46:52.043+0530][gc,marking  ] GC(5) Concurrent Mark
[2025-10-19T00:46:52.043+0530][gc,marking  ] GC(5) Concurrent Mark From Roots
[2025-10-19T00:46:52.043+0530][gc,task     ] GC(5) Using 2 workers of 2 for marking
[2025-10-19T00:46:52.045+0530][gc,marking  ] GC(5) Concurrent Mark From Roots 1.893ms
[2025-10-19T00:46:52.045+0530][gc,marking  ] GC(5) Concurrent Preclean
[2025-10-19T00:46:52.045+0530][gc,marking  ] GC(5) Concurrent Preclean 0.029ms
[2025-10-19T00:46:52.045+0530][gc,start    ] GC(5) Pause Remark
[2025-10-19T00:46:52.046+0530][gc          ] GC(5) Pause Remark 146M->146M(1024M) 0.561ms
[2025-10-19T00:46:52.046+0530][gc,cpu      ] GC(5) User=0.01s Sys=0.00s Real=0.00s
[2025-10-19T00:46:52.046+0530][gc,marking  ] GC(5) Concurrent Mark 2.556ms
[2025-10-19T00:46:52.046+0530][gc,marking  ] GC(5) Concurrent Rebuild Remembered Sets
[2025-10-19T00:46:52.048+0530][gc,marking  ] GC(5) Concurrent Rebuild Remembered Sets 2.258ms
[2025-10-19T00:46:52.048+0530][gc,start    ] GC(5) Pause Cleanup
[2025-10-19T00:46:52.048+0530][gc          ] GC(5) Pause Cleanup 146M->146M(1024M) 0.105ms
[2025-10-19T00:46:52.048+0530][gc,cpu      ] GC(5) User=0.00s Sys=0.00s Real=0.00s
[2025-10-19T00:46:52.048+0530][gc,marking  ] GC(5) Concurrent Cleanup for Next Mark
[2025-10-19T00:46:52.049+0530][gc,marking  ] GC(5) Concurrent Cleanup for Next Mark 0.899ms
[2025-10-19T00:46:52.051+0530][gc          ] GC(5) Concurrent Mark Cycle 9.084ms
[2025-10-19T00:47:59.302+0530][gc,start    ] GC(6) Pause Young (Prepare Mixed) (G1 Evacuation Pause)
[2025-10-19T00:47:59.302+0530][gc,task     ] GC(6) Using 9 workers of 9 for evacuation
[2025-10-19T00:47:59.331+0530][gc,mmu      ] GC(6) MMU target violated: 21.0ms (20.0ms/21.0ms)
[2025-10-19T00:47:59.331+0530][gc,phases   ] GC(6)   Pre Evacuate Collection Set: 1.4ms
[2025-10-19T00:47:59.331+0530][gc,phases   ] GC(6)   Merge Heap Roots: 0.6ms
[2025-10-19T00:47:59.331+0530][gc,phases   ] GC(6)   Evacuate Collection Set: 26.6ms
[2025-10-19T00:47:59.331+0530][gc,phases   ] GC(6)   Post Evacuate Collection Set: 0.4ms
[2025-10-19T00:47:59.331+0530][gc,phases   ] GC(6)   Other: 1.0ms
[2025-10-19T00:47:59.331+0530][gc,heap     ] GC(6) Eden regions: 49->0(46)
[2025-10-19T00:47:59.331+0530][gc,heap     ] GC(6) Survivor regions: 2->5(7)
[2025-10-19T00:47:59.331+0530][gc,heap     ] GC(6) Old regions: 14->14
[2025-10-19T00:47:59.331+0530][gc,heap     ] GC(6) Archive regions: 2->2
[2025-10-19T00:47:59.331+0530][gc,heap     ] GC(6) Humongous regions: 141->129
[2025-10-19T00:47:59.331+0530][gc,metaspace] GC(6) Metaspace: 40689K(41280K)->40689K(41280K) NonClass: 35798K(36160K)->35798K(36160K) Class: 4890K(5120K)->4890K(5120K)
[2025-10-19T00:47:59.331+0530][gc          ] GC(6) Pause Young (Prepare Mixed) (G1 Evacuation Pause) 206M->148M(1024M) 29.829ms
[2025-10-19T00:47:59.332+0530][gc,cpu      ] GC(6) User=0.02s Sys=0.02s Real=0.03s
[2025-10-19T00:51:08.682+0530][gc,start    ] GC(7) Pause Young (Mixed) (G1 Evacuation Pause)
[2025-10-19T00:51:08.682+0530][gc,task     ] GC(7) Using 9 workers of 9 for evacuation
[2025-10-19T00:51:08.697+0530][gc,phases   ] GC(7)   Pre Evacuate Collection Set: 0.7ms
[2025-10-19T00:51:08.697+0530][gc,phases   ] GC(7)   Merge Heap Roots: 0.2ms
[2025-10-19T00:51:08.697+0530][gc,phases   ] GC(7)   Evacuate Collection Set: 13.0ms
[2025-10-19T00:51:08.697+0530][gc,phases   ] GC(7)   Post Evacuate Collection Set: 0.4ms
[2025-10-19T00:51:08.697+0530][gc,phases   ] GC(7)   Other: 0.7ms
[2025-10-19T00:51:08.697+0530][gc,heap     ] GC(7) Eden regions: 46->0(44)
[2025-10-19T00:51:08.697+0530][gc,heap     ] GC(7) Survivor regions: 5->7(7)
[2025-10-19T00:51:08.697+0530][gc,heap     ] GC(7) Old regions: 14->16
[2025-10-19T00:51:08.697+0530][gc,heap     ] GC(7) Archive regions: 2->2
[2025-10-19T00:51:08.697+0530][gc,heap     ] GC(7) Humongous regions: 129->129
[2025-10-19T00:51:08.697+0530][gc,metaspace] GC(7) Metaspace: 41170K(41728K)->41170K(41728K) NonClass: 36279K(36608K)->36279K(36608K) Class: 4890K(5120K)->4890K(5120K)
[2025-10-19T00:51:08.697+0530][gc          ] GC(7) Pause Young (Mixed) (G1 Evacuation Pause) 194M->151M(1024M) 15.213ms
[2025-10-19T00:51:08.697+0530][gc,cpu      ] GC(7) User=0.05s Sys=0.04s Real=0.01s
[2025-10-19T00:54:07.647+0530][gc,start    ] GC(8) Pause Young (Normal) (G1 Evacuation Pause)
[2025-10-19T00:54:07.648+0530][gc,task     ] GC(8) Using 9 workers of 9 for evacuation
[2025-10-19T00:54:07.676+0530][gc,mmu      ] GC(8) MMU target violated: 21.0ms (20.0ms/21.0ms)
[2025-10-19T00:54:07.676+0530][gc,phases   ] GC(8)   Pre Evacuate Collection Set: 0.6ms
[2025-10-19T00:54:07.676+0530][gc,phases   ] GC(8)   Merge Heap Roots: 0.3ms
[2025-10-19T00:54:07.676+0530][gc,phases   ] GC(8)   Evacuate Collection Set: 26.3ms
[2025-10-19T00:54:07.676+0530][gc,phases   ] GC(8)   Post Evacuate Collection Set: 0.6ms
[2025-10-19T00:54:07.676+0530][gc,phases   ] GC(8)   Other: 1.0ms
[2025-10-19T00:54:07.676+0530][gc,heap     ] GC(8) Eden regions: 44->0(46)
[2025-10-19T00:54:07.676+0530][gc,heap     ] GC(8) Survivor regions: 7->5(7)
[2025-10-19T00:54:07.676+0530][gc,heap     ] GC(8) Old regions: 16->22
[2025-10-19T00:54:07.676+0530][gc,heap     ] GC(8) Archive regions: 2->2
[2025-10-19T00:54:07.676+0530][gc,heap     ] GC(8) Humongous regions: 129->129
[2025-10-19T00:54:07.676+0530][gc,metaspace] GC(8) Metaspace: 41515K(42048K)->41515K(42048K) NonClass: 36556K(36864K)->36556K(36864K) Class: 4958K(5184K)->4958K(5184K)
[2025-10-19T00:54:07.676+0530][gc          ] GC(8) Pause Young (Normal) (G1 Evacuation Pause) 195M->156M(1024M) 28.721ms
[2025-10-19T00:54:07.676+0530][gc,cpu      ] GC(8) User=0.05s Sys=0.06s Real=0.03s
[2025-10-19T00:56:51.626+0530][gc,start    ] GC(9) Pause Young (Normal) (G1 Evacuation Pause)
[2025-10-19T00:56:51.627+0530][gc,task     ] GC(9) Using 9 workers of 9 for evacuation
[2025-10-19T00:56:51.639+0530][gc,phases   ] GC(9)   Pre Evacuate Collection Set: 0.7ms
[2025-10-19T00:56:51.639+0530][gc,phases   ] GC(9)   Merge Heap Roots: 0.2ms
[2025-10-19T00:56:51.639+0530][gc,phases   ] GC(9)   Evacuate Collection Set: 10.1ms
[2025-10-19T00:56:51.639+0530][gc,phases   ] GC(9)   Post Evacuate Collection Set: 0.5ms
[2025-10-19T00:56:51.639+0530][gc,phases   ] GC(9)   Other: 1.6ms
[2025-10-19T00:56:51.639+0530][gc,heap     ] GC(9) Eden regions: 46->0(46)
[2025-10-19T00:56:51.639+0530][gc,heap     ] GC(9) Survivor regions: 5->5(7)
[2025-10-19T00:56:51.639+0530][gc,heap     ] GC(9) Old regions: 22->24
[2025-10-19T00:56:51.639+0530][gc,heap     ] GC(9) Archive regions: 2->2
[2025-10-19T00:56:51.639+0530][gc,heap     ] GC(9) Humongous regions: 129->129
[2025-10-19T00:56:51.639+0530][gc,metaspace] GC(9) Metaspace: 41909K(42560K)->41909K(42560K) NonClass: 36860K(37248K)->36860K(37248K) Class: 5049K(5312K)->5049K(5312K)
[2025-10-19T00:56:51.640+0530][gc          ] GC(9) Pause Young (Normal) (G1 Evacuation Pause) 202M->158M(1024M) 13.316ms
[2025-10-19T00:56:51.640+0530][gc,cpu      ] GC(9) User=0.02s Sys=0.03s Real=0.02s
[2025-10-19T00:59:55.782+0530][gc,start    ] GC(10) Pause Young (Normal) (G1 Evacuation Pause)
[2025-10-19T00:59:55.783+0530][gc,task     ] GC(10) Using 9 workers of 9 for evacuation
[2025-10-19T00:59:55.801+0530][gc,phases   ] GC(10)   Pre Evacuate Collection Set: 0.7ms
[2025-10-19T00:59:55.801+0530][gc,phases   ] GC(10)   Merge Heap Roots: 0.2ms
[2025-10-19T00:59:55.801+0530][gc,phases   ] GC(10)   Evacuate Collection Set: 15.6ms
[2025-10-19T00:59:55.801+0530][gc,phases   ] GC(10)   Post Evacuate Collection Set: 0.9ms
[2025-10-19T00:59:55.801+0530][gc,phases   ] GC(10)   Other: 1.0ms
[2025-10-19T00:59:55.801+0530][gc,heap     ] GC(10) Eden regions: 46->0(49)
[2025-10-19T00:59:55.801+0530][gc,heap     ] GC(10) Survivor regions: 5->2(7)
[2025-10-19T00:59:55.801+0530][gc,heap     ] GC(10) Old regions: 24->25
[2025-10-19T00:59:55.801+0530][gc,heap     ] GC(10) Archive regions: 2->2
[2025-10-19T00:59:55.801+0530][gc,heap     ] GC(10) Humongous regions: 129->129
[2025-10-19T00:59:55.801+0530][gc,metaspace] GC(10) Metaspace: 42094K(42752K)->42094K(42752K) NonClass: 37007K(37376K)->37007K(37376K) Class: 5086K(5376K)->5086K(5376K)
[2025-10-19T00:59:55.801+0530][gc          ] GC(10) Pause Young (Normal) (G1 Evacuation Pause) 204M->156M(1024M) 18.816ms
[2025-10-19T00:59:55.801+0530][gc,cpu      ] GC(10) User=0.02s Sys=0.02s Real=0.02s
[2025-10-19T01:03:34.864+0530][gc,start    ] GC(11) Pause Young (Normal) (G1 Evacuation Pause)
[2025-10-19T01:03:34.865+0530][gc,task     ] GC(11) Using 9 workers of 9 for evacuation
[2025-10-19T01:03:34.883+0530][gc,phases   ] GC(11)   Pre Evacuate Collection Set: 0.7ms
[2025-10-19T01:03:34.883+0530][gc,phases   ] GC(11)   Merge Heap Roots: 0.3ms
[2025-10-19T01:03:34.883+0530][gc,phases   ] GC(11)   Evacuate Collection Set: 16.0ms
[2025-10-19T01:03:34.883+0530][gc,phases   ] GC(11)   Post Evacuate Collection Set: 0.3ms
[2025-10-19T01:03:34.883+0530][gc,phases   ] GC(11)   Other: 1.2ms
[2025-10-19T01:03:34.883+0530][gc,heap     ] GC(11) Eden regions: 49->0(44)
[2025-10-19T01:03:34.883+0530][gc,heap     ] GC(11) Survivor regions: 2->7(7)
[2025-10-19T01:03:34.883+0530][gc,heap     ] GC(11) Old regions: 25->25
[2025-10-19T01:03:34.883+0530][gc,heap     ] GC(11) Archive regions: 2->2
[2025-10-19T01:03:34.883+0530][gc,heap     ] GC(11) Humongous regions: 129->129
[2025-10-19T01:03:34.883+0530][gc,metaspace] GC(11) Metaspace: 42144K(42816K)->42144K(42816K) NonClass: 37058K(37440K)->37058K(37440K) Class: 5086K(5376K)->5086K(5376K)
[2025-10-19T01:03:34.883+0530][gc          ] GC(11) Pause Young (Normal) (G1 Evacuation Pause) 205M->161M(1024M) 18.570ms
[2025-10-19T01:03:34.883+0530][gc,cpu      ] GC(11) User=0.03s Sys=0.06s Real=0.02s
[2025-10-19T01:06:52.745+0530][gc,start    ] GC(12) Pause Young (Normal) (G1 Evacuation Pause)
[2025-10-19T01:06:52.747+0530][gc,task     ] GC(12) Using 9 workers of 9 for evacuation
[2025-10-19T01:06:52.771+0530][gc,mmu      ] GC(12) MMU target violated: 21.0ms (20.0ms/21.0ms)
[2025-10-19T01:06:52.771+0530][gc,phases   ] GC(12)   Pre Evacuate Collection Set: 0.5ms
[2025-10-19T01:06:52.771+0530][gc,phases   ] GC(12)   Merge Heap Roots: 0.1ms
[2025-10-19T01:06:52.771+0530][gc,phases   ] GC(12)   Evacuate Collection Set: 23.4ms
[2025-10-19T01:06:52.771+0530][gc,phases   ] GC(12)   Post Evacuate Collection Set: 0.6ms
[2025-10-19T01:06:52.771+0530][gc,phases   ] GC(12)   Other: 2.0ms
[2025-10-19T01:06:52.771+0530][gc,heap     ] GC(12) Eden regions: 44->0(46)
[2025-10-19T01:06:52.771+0530][gc,heap     ] GC(12) Survivor regions: 7->5(7)
[2025-10-19T01:06:52.771+0530][gc,heap     ] GC(12) Old regions: 25->32
[2025-10-19T01:06:52.771+0530][gc,heap     ] GC(12) Archive regions: 2->2
[2025-10-19T01:06:52.771+0530][gc,heap     ] GC(12) Humongous regions: 129->129
[2025-10-19T01:06:52.771+0530][gc,metaspace] GC(12) Metaspace: 42169K(42816K)->42169K(42816K) NonClass: 37081K(37440K)->37081K(37440K) Class: 5088K(5376K)->5088K(5376K)
[2025-10-19T01:06:52.772+0530][gc          ] GC(12) Pause Young (Normal) (G1 Evacuation Pause) 205M->165M(1024M) 26.602ms
[2025-10-19T01:06:52.772+0530][gc,cpu      ] GC(12) User=0.03s Sys=0.05s Real=0.03s
[2025-10-19T01:10:21.126+0530][gc,start    ] GC(13) Pause Young (Normal) (G1 Evacuation Pause)
[2025-10-19T01:10:21.128+0530][gc,task     ] GC(13) Using 9 workers of 9 for evacuation
[2025-10-19T01:10:21.147+0530][gc,phases   ] GC(13)   Pre Evacuate Collection Set: 0.6ms
[2025-10-19T01:10:21.148+0530][gc,phases   ] GC(13)   Merge Heap Roots: 0.2ms
[2025-10-19T01:10:21.148+0530][gc,phases   ] GC(13)   Evacuate Collection Set: 18.1ms
[2025-10-19T01:10:21.148+0530][gc,phases   ] GC(13)   Post Evacuate Collection Set: 0.6ms
[2025-10-19T01:10:21.148+0530][gc,phases   ] GC(13)   Other: 1.7ms
[2025-10-19T01:10:21.148+0530][gc,heap     ] GC(13) Eden regions: 46->0(47)
[2025-10-19T01:10:21.148+0530][gc,heap     ] GC(13) Survivor regions: 5->4(7)
[2025-10-19T01:10:21.148+0530][gc,heap     ] GC(13) Old regions: 32->33
[2025-10-19T01:10:21.148+0530][gc,heap     ] GC(13) Archive regions: 2->2
[2025-10-19T01:10:21.148+0530][gc,heap     ] GC(13) Humongous regions: 129->129
[2025-10-19T01:10:21.148+0530][gc,metaspace] GC(13) Metaspace: 42200K(42880K)->42200K(42880K) NonClass: 37112K(37504K)->37112K(37504K) Class: 5088K(5376K)->5088K(5376K)
[2025-10-19T01:10:21.148+0530][gc          ] GC(13) Pause Young (Normal) (G1 Evacuation Pause) 211M->166M(1024M) 21.592ms
[2025-10-19T01:10:21.148+0530][gc,cpu      ] GC(13) User=0.02s Sys=0.05s Real=0.02s
[2025-10-19T01:13:52.421+0530][gc,start    ] GC(14) Pause Young (Normal) (G1 Evacuation Pause)
[2025-10-19T01:13:52.422+0530][gc,task     ] GC(14) Using 9 workers of 9 for evacuation
[2025-10-19T01:13:52.449+0530][gc,mmu      ] GC(14) MMU target violated: 21.0ms (20.0ms/21.0ms)
[2025-10-19T01:13:52.449+0530][gc,phases   ] GC(14)   Pre Evacuate Collection Set: 1.0ms
[2025-10-19T01:13:52.449+0530][gc,phases   ] GC(14)   Merge Heap Roots: 0.4ms
[2025-10-19T01:13:52.449+0530][gc,phases   ] GC(14)   Evacuate Collection Set: 24.1ms
[2025-10-19T01:13:52.449+0530][gc,phases   ] GC(14)   Post Evacuate Collection Set: 0.9ms
[2025-10-19T01:13:52.449+0530][gc,phases   ] GC(14)   Other: 1.8ms
[2025-10-19T01:13:52.449+0530][gc,heap     ] GC(14) Eden regions: 47->0(44)
[2025-10-19T01:13:52.449+0530][gc,heap     ] GC(14) Survivor regions: 4->7(7)
[2025-10-19T01:13:52.449+0530][gc,heap     ] GC(14) Old regions: 33->34
[2025-10-19T01:13:52.449+0530][gc,heap     ] GC(14) Archive regions: 2->2
[2025-10-19T01:13:52.449+0530][gc,heap     ] GC(14) Humongous regions: 129->129
[2025-10-19T01:13:52.449+0530][gc,metaspace] GC(14) Metaspace: 42218K(42880K)->42218K(42880K) NonClass: 37130K(37504K)->37130K(37504K) Class: 5088K(5376K)->5088K(5376K)
[2025-10-19T01:13:52.449+0530][gc          ] GC(14) Pause Young (Normal) (G1 Evacuation Pause) 213M->170M(1024M) 28.333ms
[2025-10-19T01:13:52.449+0530][gc,cpu      ] GC(14) User=0.03s Sys=0.09s Real=0.02s
[2025-10-19T01:17:08.493+0530][gc,start    ] GC(15) Pause Young (Normal) (G1 Evacuation Pause)
[2025-10-19T01:17:08.493+0530][gc,task     ] GC(15) Using 9 workers of 9 for evacuation
[2025-10-19T01:17:08.502+0530][gc,phases   ] GC(15)   Pre Evacuate Collection Set: 0.8ms
[2025-10-19T01:17:08.502+0530][gc,phases   ] GC(15)   Merge Heap Roots: 0.3ms
[2025-10-19T01:17:08.502+0530][gc,phases   ] GC(15)   Evacuate Collection Set: 6.9ms
[2025-10-19T01:17:08.502+0530][gc,phases   ] GC(15)   Post Evacuate Collection Set: 0.6ms
[2025-10-19T01:17:08.502+0530][gc,phases   ] GC(15)   Other: 0.7ms
[2025-10-19T01:17:08.502+0530][gc,heap     ] GC(15) Eden regions: 44->0(52)
[2025-10-19T01:17:08.502+0530][gc,heap     ] GC(15) Survivor regions: 7->3(7)
[2025-10-19T01:17:08.502+0530][gc,heap     ] GC(15) Old regions: 34->36
[2025-10-19T01:17:08.502+0530][gc,heap     ] GC(15) Archive regions: 2->2
[2025-10-19T01:17:08.502+0530][gc,heap     ] GC(15) Humongous regions: 129->129
[2025-10-19T01:17:08.502+0530][gc,metaspace] GC(15) Metaspace: 42291K(42944K)->42291K(42944K) NonClass: 37203K(37568K)->37203K(37568K) Class: 5088K(5376K)->5088K(5376K)
[2025-10-19T01:17:08.502+0530][gc          ] GC(15) Pause Young (Normal) (G1 Evacuation Pause) 214M->167M(1024M) 9.554ms
[2025-10-19T01:17:08.502+0530][gc,cpu      ] GC(15) User=0.03s Sys=0.02s Real=0.01s
[2025-10-19T01:21:05.062+0530][gc,start    ] GC(16) Pause Young (Normal) (G1 Evacuation Pause)
[2025-10-19T01:21:05.063+0530][gc,task     ] GC(16) Using 9 workers of 9 for evacuation
[2025-10-19T01:21:05.089+0530][gc,mmu      ] GC(16) MMU target violated: 21.0ms (20.0ms/21.0ms)
[2025-10-19T01:21:05.089+0530][gc,phases   ] GC(16)   Pre Evacuate Collection Set: 0.9ms
[2025-10-19T01:21:05.089+0530][gc,phases   ] GC(16)   Merge Heap Roots: 0.3ms
[2025-10-19T01:21:05.089+0530][gc,phases   ] GC(16)   Evacuate Collection Set: 23.7ms
[2025-10-19T01:21:05.089+0530][gc,phases   ] GC(16)   Post Evacuate Collection Set: 0.5ms
[2025-10-19T01:21:05.089+0530][gc,phases   ] GC(16)   Other: 1.9ms
[2025-10-19T01:21:05.089+0530][gc,heap     ] GC(16) Eden regions: 52->0(44)
[2025-10-19T01:21:05.089+0530][gc,heap     ] GC(16) Survivor regions: 3->7(7)
[2025-10-19T01:21:05.089+0530][gc,heap     ] GC(16) Old regions: 36->36
[2025-10-19T01:21:05.089+0530][gc,heap     ] GC(16) Archive regions: 2->2
[2025-10-19T01:21:05.089+0530][gc,heap     ] GC(16) Humongous regions: 129->129
[2025-10-19T01:21:05.089+0530][gc,metaspace] GC(16) Metaspace: 42303K(42944K)->42303K(42944K) NonClass: 37215K(37568K)->37215K(37568K) Class: 5088K(5376K)->5088K(5376K)
[2025-10-19T01:21:05.089+0530][gc          ] GC(16) Pause Young (Normal) (G1 Evacuation Pause) 219M->172M(1024M) 27.460ms
[2025-10-19T01:21:05.089+0530][gc,cpu      ] GC(16) User=0.03s Sys=0.07s Real=0.02s
[2025-10-19T01:24:22.663+0530][gc,start    ] GC(17) Pause Young (Normal) (G1 Evacuation Pause)
[2025-10-19T01:24:22.665+0530][gc,task     ] GC(17) Using 9 workers of 9 for evacuation
[2025-10-19T01:24:22.689+0530][gc,mmu      ] GC(17) MMU target violated: 21.0ms (20.0ms/21.0ms)
[2025-10-19T01:24:22.689+0530][gc,phases   ] GC(17)   Pre Evacuate Collection Set: 1.3ms
[2025-10-19T01:24:22.689+0530][gc,phases   ] GC(17)   Merge Heap Roots: 0.3ms
[2025-10-19T01:24:22.689+0530][gc,phases   ] GC(17)   Evacuate Collection Set: 22.0ms
[2025-10-19T01:24:22.689+0530][gc,phases   ] GC(17)   Post Evacuate Collection Set: 0.5ms
[2025-10-19T01:24:22.689+0530][gc,phases   ] GC(17)   Other: 1.9ms
[2025-10-19T01:24:22.689+0530][gc,heap     ] GC(17) Eden regions: 44->0(46)
[2025-10-19T01:24:22.689+0530][gc,heap     ] GC(17) Survivor regions: 7->5(7)
[2025-10-19T01:24:22.690+0530][gc,heap     ] GC(17) Old regions: 36->43
[2025-10-19T01:24:22.690+0530][gc,heap     ] GC(17) Archive regions: 2->2
[2025-10-19T01:24:22.690+0530][gc,heap     ] GC(17) Humongous regions: 129->129
[2025-10-19T01:24:22.690+0530][gc,metaspace] GC(17) Metaspace: 42311K(42944K)->42311K(42944K) NonClass: 37223K(37568K)->37223K(37568K) Class: 5088K(5376K)->5088K(5376K)
[2025-10-19T01:24:22.690+0530][gc          ] GC(17) Pause Young (Normal) (G1 Evacuation Pause) 216M->176M(1024M) 26.287ms
[2025-10-19T01:24:22.690+0530][gc,cpu      ] GC(17) User=0.05s Sys=0.06s Real=0.03s
[2025-10-19T01:27:50.283+0530][gc,start    ] GC(18) Pause Young (Normal) (G1 Evacuation Pause)
[2025-10-19T01:27:50.284+0530][gc,task     ] GC(18) Using 9 workers of 9 for evacuation
[2025-10-19T01:27:50.293+0530][gc,phases   ] GC(18)   Pre Evacuate Collection Set: 0.3ms
[2025-10-19T01:27:50.293+0530][gc,phases   ] GC(18)   Merge Heap Roots: 0.1ms
[2025-10-19T01:27:50.293+0530][gc,phases   ] GC(18)   Evacuate Collection Set: 7.6ms
[2025-10-19T01:27:50.293+0530][gc,phases   ] GC(18)   Post Evacuate Collection Set: 0.3ms
[2025-10-19T01:27:50.293+0530][gc,phases   ] GC(18)   Other: 1.5ms
[2025-10-19T01:27:50.293+0530][gc,heap     ] GC(18) Eden regions: 46->0(46)
[2025-10-19T01:27:50.293+0530][gc,heap     ] GC(18) Survivor regions: 5->5(7)
[2025-10-19T01:27:50.293+0530][gc,heap     ] GC(18) Old regions: 43->44
[2025-10-19T01:27:50.293+0530][gc,heap     ] GC(18) Archive regions: 2->2
[2025-10-19T01:27:50.293+0530][gc,heap     ] GC(18) Humongous regions: 129->129
[2025-10-19T01:27:50.293+0530][gc,metaspace] GC(18) Metaspace: 42343K(43008K)->42343K(43008K) NonClass: 37255K(37632K)->37255K(37632K) Class: 5088K(5376K)->5088K(5376K)
[2025-10-19T01:27:50.293+0530][gc          ] GC(18) Pause Young (Normal) (G1 Evacuation Pause) 222M->178M(1024M) 9.970ms
[2025-10-19T01:27:50.293+0530][gc,cpu      ] GC(18) User=0.02s Sys=0.02s Real=0.01s
[2025-10-19T01:31:20.827+0530][gc,start    ] GC(19) Pause Young (Normal) (G1 Evacuation Pause)
[2025-10-19T01:31:20.829+0530][gc,task     ] GC(19) Using 9 workers of 9 for evacuation
[2025-10-19T01:31:20.854+0530][gc,mmu      ] GC(19) MMU target violated: 21.0ms (20.0ms/21.0ms)
[2025-10-19T01:31:20.854+0530][gc,phases   ] GC(19)   Pre Evacuate Collection Set: 0.7ms
[2025-10-19T01:31:20.854+0530][gc,phases   ] GC(19)   Merge Heap Roots: 0.4ms
[2025-10-19T01:31:20.854+0530][gc,phases   ] GC(19)   Evacuate Collection Set: 22.4ms
[2025-10-19T01:31:20.854+0530][gc,phases   ] GC(19)   Post Evacuate Collection Set: 0.6ms
[2025-10-19T01:31:20.854+0530][gc,phases   ] GC(19)   Other: 2.7ms
[2025-10-19T01:31:20.854+0530][gc,heap     ] GC(19) Eden regions: 46->0(46)
[2025-10-19T01:31:20.854+0530][gc,heap     ] GC(19) Survivor regions: 5->5(7)
[2025-10-19T01:31:20.854+0530][gc,heap     ] GC(19) Old regions: 44->48
[2025-10-19T01:31:20.854+0530][gc,heap     ] GC(19) Archive regions: 2->2
[2025-10-19T01:31:20.854+0530][gc,heap     ] GC(19) Humongous regions: 129->129
[2025-10-19T01:31:20.854+0530][gc,metaspace] GC(19) Metaspace: 42372K(43072K)->42372K(43072K) NonClass: 37284K(37696K)->37284K(37696K) Class: 5088K(5376K)->5088K(5376K)
[2025-10-19T01:31:20.854+0530][gc          ] GC(19) Pause Young (Normal) (G1 Evacuation Pause) 224M->182M(1024M) 26.737ms
[2025-10-19T01:31:20.854+0530][gc,cpu      ] GC(19) User=0.04s Sys=0.08s Real=0.03s
[2025-10-19T01:34:47.701+0530][gc,start    ] GC(20) Pause Young (Normal) (G1 Evacuation Pause)
[2025-10-19T01:34:47.702+0530][gc,task     ] GC(20) Using 9 workers of 9 for evacuation
[2025-10-19T01:34:47.719+0530][gc,phases   ] GC(20)   Pre Evacuate Collection Set: 1.1ms
[2025-10-19T01:34:47.719+0530][gc,phases   ] GC(20)   Merge Heap Roots: 0.5ms
[2025-10-19T01:34:47.719+0530][gc,phases   ] GC(20)   Evacuate Collection Set: 14.4ms
[2025-10-19T01:34:47.719+0530][gc,phases   ] GC(20)   Post Evacuate Collection Set: 0.6ms
[2025-10-19T01:34:47.719+0530][gc,phases   ] GC(20)   Other: 1.9ms
[2025-10-19T01:34:47.719+0530][gc,heap     ] GC(20) Eden regions: 46->0(50)
[2025-10-19T01:34:47.719+0530][gc,heap     ] GC(20) Survivor regions: 5->3(7)
[2025-10-19T01:34:47.719+0530][gc,heap     ] GC(20) Old regions: 48->50
[2025-10-19T01:34:47.719+0530][gc,heap     ] GC(20) Archive regions: 2->2
[2025-10-19T01:34:47.719+0530][gc,heap     ] GC(20) Humongous regions: 129->129
[2025-10-19T01:34:47.719+0530][gc,metaspace] GC(20) Metaspace: 42391K(43072K)->42391K(43072K) NonClass: 37303K(37696K)->37303K(37696K) Class: 5088K(5376K)->5088K(5376K)
[2025-10-19T01:34:47.719+0530][gc          ] GC(20) Pause Young (Normal) (G1 Evacuation Pause) 228M->182M(1024M) 18.708ms
[2025-10-19T01:34:47.719+0530][gc,cpu      ] GC(20) User=0.03s Sys=0.06s Real=0.01s
[2025-10-19T01:38:35.028+0530][gc,start    ] GC(21) Pause Young (Normal) (G1 Evacuation Pause)
[2025-10-19T01:38:35.028+0530][gc,task     ] GC(21) Using 9 workers of 9 for evacuation
[2025-10-19T01:38:35.050+0530][gc,mmu      ] GC(21) MMU target violated: 21.0ms (20.0ms/21.0ms)
[2025-10-19T01:38:35.051+0530][gc,phases   ] GC(21)   Pre Evacuate Collection Set: 0.6ms
[2025-10-19T01:38:35.051+0530][gc,phases   ] GC(21)   Merge Heap Roots: 0.2ms
[2025-10-19T01:38:35.051+0530][gc,phases   ] GC(21)   Evacuate Collection Set: 20.4ms
[2025-10-19T01:38:35.051+0530][gc,phases   ] GC(21)   Post Evacuate Collection Set: 0.5ms
[2025-10-19T01:38:35.051+0530][gc,phases   ] GC(21)   Other: 1.2ms
[2025-10-19T01:38:35.051+0530][gc,heap     ] GC(21) Eden regions: 50->0(44)
[2025-10-19T01:38:35.051+0530][gc,heap     ] GC(21) Survivor regions: 3->7(7)
[2025-10-19T01:38:35.051+0530][gc,heap     ] GC(21) Old regions: 50->50
[2025-10-19T01:38:35.051+0530][gc,heap     ] GC(21) Archive regions: 2->2
[2025-10-19T01:38:35.051+0530][gc,heap     ] GC(21) Humongous regions: 129->129
[2025-10-19T01:38:35.051+0530][gc,metaspace] GC(21) Metaspace: 42408K(43072K)->42408K(43072K) NonClass: 37320K(37696K)->37320K(37696K) Class: 5088K(5376K)->5088K(5376K)
[2025-10-19T01:38:35.051+0530][gc          ] GC(21) Pause Young (Normal) (G1 Evacuation Pause) 232M->186M(1024M) 22.909ms
[2025-10-19T01:38:35.051+0530][gc,cpu      ] GC(21) User=0.04s Sys=0.06s Real=0.03s
[2025-10-19T01:41:53.386+0530][gc,start    ] GC(22) Pause Young (Normal) (G1 Evacuation Pause)
[2025-10-19T01:41:53.387+0530][gc,task     ] GC(22) Using 9 workers of 9 for evacuation
[2025-10-19T01:41:53.395+0530][gc,phases   ] GC(22)   Pre Evacuate Collection Set: 0.8ms
[2025-10-19T01:41:53.396+0530][gc,phases   ] GC(22)   Merge Heap Roots: 0.4ms
[2025-10-19T01:41:53.396+0530][gc,phases   ] GC(22)   Evacuate Collection Set: 5.6ms
[2025-10-19T01:41:53.396+0530][gc,phases   ] GC(22)   Post Evacuate Collection Set: 0.9ms
[2025-10-19T01:41:53.396+0530][gc,phases   ] GC(22)   Other: 1.4ms
[2025-10-19T01:41:53.396+0530][gc,heap     ] GC(22) Eden regions: 44->0(73)
[2025-10-19T01:41:53.396+0530][gc,heap     ] GC(22) Survivor regions: 7->2(7)
[2025-10-19T01:41:53.396+0530][gc,heap     ] GC(22) Old regions: 50->52
[2025-10-19T01:41:53.396+0530][gc,heap     ] GC(22) Archive regions: 2->2
[2025-10-19T01:41:53.396+0530][gc,heap     ] GC(22) Humongous regions: 129->129
[2025-10-19T01:41:53.396+0530][gc,metaspace] GC(22) Metaspace: 42415K(43072K)->42415K(43072K) NonClass: 37327K(37696K)->37327K(37696K) Class: 5088K(5376K)->5088K(5376K)
[2025-10-19T01:41:53.396+0530][gc          ] GC(22) Pause Young (Normal) (G1 Evacuation Pause) 230M->182M(1024M) 9.748ms
[2025-10-19T01:41:53.396+0530][gc,cpu      ] GC(22) User=0.03s Sys=0.01s Real=0.01s
[2025-10-19T01:47:15.226+0530][gc,start    ] GC(23) Pause Young (Normal) (G1 Evacuation Pause)
[2025-10-19T01:47:15.229+0530][gc,task     ] GC(23) Using 9 workers of 9 for evacuation
[2025-10-19T01:47:15.265+0530][gc,mmu      ] GC(23) MMU target violated: 21.0ms (20.0ms/21.0ms)
[2025-10-19T01:47:15.265+0530][gc,phases   ] GC(23)   Pre Evacuate Collection Set: 3.4ms
[2025-10-19T01:47:15.265+0530][gc,phases   ] GC(23)   Merge Heap Roots: 1.7ms
[2025-10-19T01:47:15.265+0530][gc,phases   ] GC(23)   Evacuate Collection Set: 30.2ms
[2025-10-19T01:47:15.265+0530][gc,phases   ] GC(23)   Post Evacuate Collection Set: 0.5ms
[2025-10-19T01:47:15.265+0530][gc,phases   ] GC(23)   Other: 3.6ms
[2025-10-19T01:47:15.265+0530][gc,heap     ] GC(23) Eden regions: 73->0(41)
[2025-10-19T01:47:15.265+0530][gc,heap     ] GC(23) Survivor regions: 2->10(10)
[2025-10-19T01:47:15.265+0530][gc,heap     ] GC(23) Old regions: 52->52
[2025-10-19T01:47:15.265+0530][gc,heap     ] GC(23) Archive regions: 2->2
[2025-10-19T01:47:15.265+0530][gc,heap     ] GC(23) Humongous regions: 129->129
[2025-10-19T01:47:15.265+0530][gc,metaspace] GC(23) Metaspace: 42455K(43136K)->42455K(43136K) NonClass: 37363K(37760K)->37363K(37760K) Class: 5092K(5376K)->5092K(5376K)
[2025-10-19T01:47:15.265+0530][gc          ] GC(23) Pause Young (Normal) (G1 Evacuation Pause) 255M->191M(1024M) 39.033ms
[2025-10-19T01:47:15.265+0530][gc,cpu      ] GC(23) User=0.03s Sys=0.08s Real=0.04s
[2025-10-19T01:50:22.153+0530][gc,start    ] GC(24) Pause Young (Normal) (G1 Evacuation Pause)
[2025-10-19T01:50:22.153+0530][gc,task     ] GC(24) Using 9 workers of 9 for evacuation
[2025-10-19T01:50:22.160+0530][gc,phases   ] GC(24)   Pre Evacuate Collection Set: 0.4ms
[2025-10-19T01:50:22.160+0530][gc,phases   ] GC(24)   Merge Heap Roots: 0.3ms
[2025-10-19T01:50:22.160+0530][gc,phases   ] GC(24)   Evacuate Collection Set: 4.6ms
[2025-10-19T01:50:22.160+0530][gc,phases   ] GC(24)   Post Evacuate Collection Set: 1.0ms
[2025-10-19T01:50:22.160+0530][gc,phases   ] GC(24)   Other: 0.9ms
[2025-10-19T01:50:22.160+0530][gc,heap     ] GC(24) Eden regions: 41->0(68)
[2025-10-19T01:50:22.160+0530][gc,heap     ] GC(24) Survivor regions: 10->2(7)
[2025-10-19T01:50:22.160+0530][gc,heap     ] GC(24) Old regions: 52->55
[2025-10-19T01:50:22.160+0530][gc,heap     ] GC(24) Archive regions: 2->2
[2025-10-19T01:50:22.160+0530][gc,heap     ] GC(24) Humongous regions: 129->129
[2025-10-19T01:50:22.160+0530][gc,metaspace] GC(24) Metaspace: 42466K(43136K)->42466K(43136K) NonClass: 37373K(37760K)->37373K(37760K) Class: 5092K(5376K)->5092K(5376K)
[2025-10-19T01:50:22.160+0530][gc          ] GC(24) Pause Young (Normal) (G1 Evacuation Pause) 232M->185M(1024M) 7.586ms
[2025-10-19T01:50:22.160+0530][gc,cpu      ] GC(24) User=0.02s Sys=0.02s Real=0.01s
[2025-10-19T01:55:34.257+0530][gc,start    ] GC(25) Pause Young (Normal) (G1 Evacuation Pause)
[2025-10-19T01:55:34.257+0530][gc,task     ] GC(25) Using 9 workers of 9 for evacuation
[2025-10-19T01:55:34.281+0530][gc,mmu      ] GC(25) MMU target violated: 21.0ms (20.0ms/21.0ms)
[2025-10-19T01:55:34.281+0530][gc,phases   ] GC(25)   Pre Evacuate Collection Set: 0.9ms
[2025-10-19T01:55:34.281+0530][gc,phases   ] GC(25)   Merge Heap Roots: 0.5ms
[2025-10-19T01:55:34.281+0530][gc,phases   ] GC(25)   Evacuate Collection Set: 21.4ms
[2025-10-19T01:55:34.281+0530][gc,phases   ] GC(25)   Post Evacuate Collection Set: 0.5ms
[2025-10-19T01:55:34.281+0530][gc,phases   ] GC(25)   Other: 2.4ms
[2025-10-19T01:55:34.281+0530][gc,heap     ] GC(25) Eden regions: 68->0(43)
[2025-10-19T01:55:34.281+0530][gc,heap     ] GC(25) Survivor regions: 2->8(9)
[2025-10-19T01:55:34.281+0530][gc,heap     ] GC(25) Old regions: 55->55
[2025-10-19T01:55:34.281+0530][gc,heap     ] GC(25) Archive regions: 2->2
[2025-10-19T01:55:34.281+0530][gc,heap     ] GC(25) Humongous regions: 129->129
[2025-10-19T01:55:34.281+0530][gc,metaspace] GC(25) Metaspace: 42485K(43136K)->42485K(43136K) NonClass: 37392K(37760K)->37392K(37760K) Class: 5092K(5376K)->5092K(5376K)
[2025-10-19T01:55:34.281+0530][gc          ] GC(25) Pause Young (Normal) (G1 Evacuation Pause) 253M->191M(1024M) 25.830ms
[2025-10-19T01:55:34.281+0530][gc,cpu      ] GC(25) User=0.03s Sys=0.09s Real=0.03s
[2025-10-19T01:58:48.120+0530][gc,start    ] GC(26) Pause Young (Normal) (G1 Evacuation Pause)
[2025-10-19T01:58:48.121+0530][gc,task     ] GC(26) Using 9 workers of 9 for evacuation
[2025-10-19T01:58:48.129+0530][gc,phases   ] GC(26)   Pre Evacuate Collection Set: 0.8ms
[2025-10-19T01:58:48.129+0530][gc,phases   ] GC(26)   Merge Heap Roots: 0.4ms
[2025-10-19T01:58:48.129+0530][gc,phases   ] GC(26)   Evacuate Collection Set: 6.3ms
[2025-10-19T01:58:48.129+0530][gc,phases   ] GC(26)   Post Evacuate Collection Set: 0.7ms
[2025-10-19T01:58:48.130+0530][gc,phases   ] GC(26)   Other: 1.7ms
[2025-10-19T01:58:48.130+0530][gc,heap     ] GC(26) Eden regions: 43->0(85)
[2025-10-19T01:58:48.130+0530][gc,heap     ] GC(26) Survivor regions: 8->2(7)
[2025-10-19T01:58:48.130+0530][gc,heap     ] GC(26) Old regions: 55->56
[2025-10-19T01:58:48.130+0530][gc,heap     ] GC(26) Archive regions: 2->2
[2025-10-19T01:58:48.130+0530][gc,heap     ] GC(26) Humongous regions: 129->129
[2025-10-19T01:58:48.130+0530][gc,metaspace] GC(26) Metaspace: 42489K(43136K)->42489K(43136K) NonClass: 37396K(37760K)->37396K(37760K) Class: 5092K(5376K)->5092K(5376K)
[2025-10-19T01:58:48.130+0530][gc          ] GC(26) Pause Young (Normal) (G1 Evacuation Pause) 234M->187M(1024M) 10.257ms
[2025-10-19T01:58:48.130+0530][gc,cpu      ] GC(26) User=0.01s Sys=0.02s Real=0.01s
[2025-10-19T02:05:17.190+0530][gc,start    ] GC(27) Pause Young (Normal) (G1 Evacuation Pause)
[2025-10-19T02:05:17.192+0530][gc,task     ] GC(27) Using 9 workers of 9 for evacuation
[2025-10-19T02:05:17.224+0530][gc,mmu      ] GC(27) MMU target violated: 21.0ms (20.0ms/21.0ms)
[2025-10-19T02:05:17.224+0530][gc,phases   ] GC(27)   Pre Evacuate Collection Set: 1.1ms
[2025-10-19T02:05:17.224+0530][gc,phases   ] GC(27)   Merge Heap Roots: 0.4ms
[2025-10-19T02:05:17.224+0530][gc,phases   ] GC(27)   Evacuate Collection Set: 29.0ms
[2025-10-19T02:05:17.224+0530][gc,phases   ] GC(27)   Post Evacuate Collection Set: 0.8ms
[2025-10-19T02:05:17.224+0530][gc,phases   ] GC(27)   Other: 2.4ms
[2025-10-19T02:05:17.224+0530][gc,heap     ] GC(27) Eden regions: 85->0(41)
[2025-10-19T02:05:17.224+0530][gc,heap     ] GC(27) Survivor regions: 2->10(11)
[2025-10-19T02:05:17.224+0530][gc,heap     ] GC(27) Old regions: 56->56
[2025-10-19T02:05:17.224+0530][gc,heap     ] GC(27) Archive regions: 2->2
[2025-10-19T02:05:17.224+0530][gc,heap     ] GC(27) Humongous regions: 129->129
[2025-10-19T02:05:17.224+0530][gc,metaspace] GC(27) Metaspace: 42496K(43136K)->42496K(43136K) NonClass: 37403K(37760K)->37403K(37760K) Class: 5092K(5376K)->5092K(5376K)
[2025-10-19T02:05:17.224+0530][gc          ] GC(27) Pause Young (Normal) (G1 Evacuation Pause) 272M->195M(1024M) 33.863ms
[2025-10-19T02:05:17.224+0530][gc,cpu      ] GC(27) User=0.04s Sys=0.12s Real=0.03s
[2025-10-19T02:08:20.543+0530][gc,start    ] GC(28) Pause Young (Normal) (G1 Evacuation Pause)
[2025-10-19T02:08:20.545+0530][gc,task     ] GC(28) Using 9 workers of 9 for evacuation
[2025-10-19T02:08:20.553+0530][gc,phases   ] GC(28)   Pre Evacuate Collection Set: 1.1ms
[2025-10-19T02:08:20.553+0530][gc,phases   ] GC(28)   Merge Heap Roots: 0.4ms
[2025-10-19T02:08:20.553+0530][gc,phases   ] GC(28)   Evacuate Collection Set: 5.9ms
[2025-10-19T02:08:20.553+0530][gc,phases   ] GC(28)   Post Evacuate Collection Set: 0.6ms
[2025-10-19T02:08:20.553+0530][gc,phases   ] GC(28)   Other: 1.9ms
[2025-10-19T02:08:20.553+0530][gc,heap     ] GC(28) Eden regions: 41->0(80)
[2025-10-19T02:08:20.553+0530][gc,heap     ] GC(28) Survivor regions: 10->3(7)
[2025-10-19T02:08:20.553+0530][gc,heap     ] GC(28) Old regions: 56->58
[2025-10-19T02:08:20.554+0530][gc,heap     ] GC(28) Archive regions: 2->2
[2025-10-19T02:08:20.554+0530][gc,heap     ] GC(28) Humongous regions: 129->129
[2025-10-19T02:08:20.554+0530][gc,metaspace] GC(28) Metaspace: 42498K(43136K)->42498K(43136K) NonClass: 37405K(37760K)->37405K(37760K) Class: 5092K(5376K)->5092K(5376K)
[2025-10-19T02:08:20.554+0530][gc          ] GC(28) Pause Young (Normal) (G1 Evacuation Pause) 236M->190M(1024M) 10.186ms
[2025-10-19T02:08:20.554+0530][gc,cpu      ] GC(28) User=0.02s Sys=0.01s Real=0.01s
[2025-10-19T02:14:26.635+0530][gc,start    ] GC(29) Pause Young (Normal) (G1 Evacuation Pause)
[2025-10-19T02:14:26.636+0530][gc,task     ] GC(29) Using 9 workers of 9 for evacuation
[2025-10-19T02:14:26.660+0530][gc,mmu      ] GC(29) MMU target violated: 21.0ms (20.0ms/21.0ms)
[2025-10-19T02:14:26.661+0530][gc,phases   ] GC(29)   Pre Evacuate Collection Set: 0.7ms
[2025-10-19T02:14:26.661+0530][gc,phases   ] GC(29)   Merge Heap Roots: 0.2ms
[2025-10-19T02:14:26.661+0530][gc,phases   ] GC(29)   Evacuate Collection Set: 22.8ms
[2025-10-19T02:14:26.661+0530][gc,phases   ] GC(29)   Post Evacuate Collection Set: 0.5ms
[2025-10-19T02:14:26.661+0530][gc,phases   ] GC(29)   Other: 1.9ms
[2025-10-19T02:14:26.661+0530][gc,heap     ] GC(29) Eden regions: 80->0(40)
[2025-10-19T02:14:26.661+0530][gc,heap     ] GC(29) Survivor regions: 3->11(11)
[2025-10-19T02:14:26.661+0530][gc,heap     ] GC(29) Old regions: 58->58
[2025-10-19T02:14:26.661+0530][gc,heap     ] GC(29) Archive regions: 2->2
[2025-10-19T02:14:26.661+0530][gc,heap     ] GC(29) Humongous regions: 129->129
[2025-10-19T02:14:26.661+0530][gc,metaspace] GC(29) Metaspace: 42500K(43136K)->42500K(43136K) NonClass: 37408K(37760K)->37408K(37760K) Class: 5092K(5376K)->5092K(5376K)
[2025-10-19T02:14:26.661+0530][gc          ] GC(29) Pause Young (Normal) (G1 Evacuation Pause) 270M->197M(1024M) 26.285ms
[2025-10-19T02:14:26.661+0530][gc,cpu      ] GC(29) User=0.04s Sys=0.08s Real=0.03s
[2025-10-19T02:16:59.432+0530][gc,start    ] GC(30) Pause Young (Normal) (G1 Evacuation Pause)
[2025-10-19T02:16:59.434+0530][gc,task     ] GC(30) Using 9 workers of 9 for evacuation
[2025-10-19T02:16:59.442+0530][gc,phases   ] GC(30)   Pre Evacuate Collection Set: 0.7ms
[2025-10-19T02:16:59.442+0530][gc,phases   ] GC(30)   Merge Heap Roots: 0.2ms
[2025-10-19T02:16:59.442+0530][gc,phases   ] GC(30)   Evacuate Collection Set: 6.8ms
[2025-10-19T02:16:59.442+0530][gc,phases   ] GC(30)   Post Evacuate Collection Set: 0.6ms
[2025-10-19T02:16:59.442+0530][gc,phases   ] GC(30)   Other: 2.3ms
[2025-10-19T02:16:59.442+0530][gc,heap     ] GC(30) Eden regions: 40->0(86)
[2025-10-19T02:16:59.442+0530][gc,heap     ] GC(30) Survivor regions: 11->4(7)
[2025-10-19T02:16:59.442+0530][gc,heap     ] GC(30) Old regions: 58->60
[2025-10-19T02:16:59.442+0530][gc,heap     ] GC(30) Archive regions: 2->2
[2025-10-19T02:16:59.442+0530][gc,heap     ] GC(30) Humongous regions: 129->129
[2025-10-19T02:16:59.443+0530][gc,metaspace] GC(30) Metaspace: 42811K(43456K)->42811K(43456K) NonClass: 37638K(38016K)->37638K(38016K) Class: 5173K(5440K)->5173K(5440K)
[2025-10-19T02:16:59.443+0530][gc          ] GC(30) Pause Young (Normal) (G1 Evacuation Pause) 237M->192M(1024M) 10.951ms
[2025-10-19T02:16:59.443+0530][gc,cpu      ] GC(30) User=0.04s Sys=0.01s Real=0.01s
[2025-10-19T02:22:40.037+0530][gc,start    ] GC(31) Pause Young (Normal) (G1 Evacuation Pause)
[2025-10-19T02:22:40.039+0530][gc,task     ] GC(31) Using 9 workers of 9 for evacuation
[2025-10-19T02:22:40.049+0530][gc,phases   ] GC(31)   Pre Evacuate Collection Set: 0.6ms
[2025-10-19T02:22:40.049+0530][gc,phases   ] GC(31)   Merge Heap Roots: 0.2ms
[2025-10-19T02:22:40.049+0530][gc,phases   ] GC(31)   Evacuate Collection Set: 9.2ms
[2025-10-19T02:22:40.049+0530][gc,phases   ] GC(31)   Post Evacuate Collection Set: 0.4ms
[2025-10-19T02:22:40.049+0530][gc,phases   ] GC(31)   Other: 2.1ms
[2025-10-19T02:22:40.050+0530][gc,heap     ] GC(31) Eden regions: 86->0(86)
[2025-10-19T02:22:40.050+0530][gc,heap     ] GC(31) Survivor regions: 4->7(12)
[2025-10-19T02:22:40.050+0530][gc,heap     ] GC(31) Old regions: 60->60
[2025-10-19T02:22:40.050+0530][gc,heap     ] GC(31) Archive regions: 2->2
[2025-10-19T02:22:40.050+0530][gc,heap     ] GC(31) Humongous regions: 129->129
[2025-10-19T02:22:40.050+0530][gc,metaspace] GC(31) Metaspace: 42905K(43520K)->42905K(43520K) NonClass: 37732K(38080K)->37732K(38080K) Class: 5173K(5440K)->5173K(5440K)
[2025-10-19T02:22:40.050+0530][gc          ] GC(31) Pause Young (Normal) (G1 Evacuation Pause) 278M->196M(1024M) 12.712ms
[2025-10-19T02:22:40.050+0530][gc,cpu      ] GC(31) User=0.04s Sys=0.02s Real=0.02s
[2025-10-19T02:28:22.741+0530][gc,start    ] GC(32) Pause Young (Normal) (G1 Evacuation Pause)
[2025-10-19T02:28:22.742+0530][gc,task     ] GC(32) Using 9 workers of 9 for evacuation
[2025-10-19T02:28:22.769+0530][gc,mmu      ] GC(32) MMU target violated: 21.0ms (20.0ms/21.0ms)
[2025-10-19T02:28:22.769+0530][gc,phases   ] GC(32)   Pre Evacuate Collection Set: 1.1ms
[2025-10-19T02:28:22.769+0530][gc,phases   ] GC(32)   Merge Heap Roots: 0.5ms
[2025-10-19T02:28:22.769+0530][gc,phases   ] GC(32)   Evacuate Collection Set: 23.8ms
[2025-10-19T02:28:22.769+0530][gc,phases   ] GC(32)   Post Evacuate Collection Set: 0.8ms
[2025-10-19T02:28:22.769+0530][gc,phases   ] GC(32)   Other: 1.9ms
[2025-10-19T02:28:22.769+0530][gc,heap     ] GC(32) Eden regions: 86->0(41)
[2025-10-19T02:28:22.769+0530][gc,heap     ] GC(32) Survivor regions: 7->10(12)
[2025-10-19T02:28:22.769+0530][gc,heap     ] GC(32) Old regions: 60->61
[2025-10-19T02:28:22.769+0530][gc,heap     ] GC(32) Archive regions: 2->2
[2025-10-19T02:28:22.769+0530][gc,heap     ] GC(32) Humongous regions: 129->129
[2025-10-19T02:28:22.769+0530][gc,metaspace] GC(32) Metaspace: 42986K(43584K)->42986K(43584K) NonClass: 37812K(38144K)->37812K(38144K) Class: 5174K(5440K)->5174K(5440K)
[2025-10-19T02:28:22.769+0530][gc          ] GC(32) Pause Young (Normal) (G1 Evacuation Pause) 282M->200M(1024M) 28.205ms
[2025-10-19T02:28:22.769+0530][gc,cpu      ] GC(32) User=0.05s Sys=0.05s Real=0.02s
[2025-10-19T02:31:04.462+0530][gc,start    ] GC(33) Pause Young (Normal) (G1 Evacuation Pause)
[2025-10-19T02:31:04.464+0530][gc,task     ] GC(33) Using 9 workers of 9 for evacuation
[2025-10-19T02:31:04.479+0530][gc,phases   ] GC(33)   Pre Evacuate Collection Set: 1.1ms
[2025-10-19T02:31:04.479+0530][gc,phases   ] GC(33)   Merge Heap Roots: 0.3ms
[2025-10-19T02:31:04.479+0530][gc,phases   ] GC(33)   Evacuate Collection Set: 13.3ms
[2025-10-19T02:31:04.480+0530][gc,phases   ] GC(33)   Post Evacuate Collection Set: 0.6ms
[2025-10-19T02:31:04.480+0530][gc,phases   ] GC(33)   Other: 2.0ms
[2025-10-19T02:31:04.480+0530][gc,heap     ] GC(33) Eden regions: 41->0(121)
[2025-10-19T02:31:04.480+0530][gc,heap     ] GC(33) Survivor regions: 10->5(7)
[2025-10-19T02:31:04.480+0530][gc,heap     ] GC(33) Old regions: 61->65
[2025-10-19T02:31:04.480+0530][gc,heap     ] GC(33) Archive regions: 2->2
[2025-10-19T02:31:04.480+0530][gc,heap     ] GC(33) Humongous regions: 129->129
[2025-10-19T02:31:04.480+0530][gc,metaspace] GC(33) Metaspace: 42997K(43648K)->42997K(43648K) NonClass: 37823K(38208K)->37823K(38208K) Class: 5174K(5440K)->5174K(5440K)
[2025-10-19T02:31:04.480+0530][gc          ] GC(33) Pause Young (Normal) (G1 Evacuation Pause) 241M->199M(1024M) 17.615ms
[2025-10-19T02:31:04.480+0530][gc,cpu      ] GC(33) User=0.05s Sys=0.03s Real=0.02s
[2025-10-19T02:39:59.074+0530][gc,start    ] GC(34) Pause Young (Normal) (G1 Evacuation Pause)
[2025-10-19T02:39:59.074+0530][gc,task     ] GC(34) Using 9 workers of 9 for evacuation
[2025-10-19T02:39:59.102+0530][gc,mmu      ] GC(34) MMU target violated: 21.0ms (20.0ms/21.0ms)
[2025-10-19T02:39:59.102+0530][gc,phases   ] GC(34)   Pre Evacuate Collection Set: 1.0ms
[2025-10-19T02:39:59.102+0530][gc,phases   ] GC(34)   Merge Heap Roots: 0.4ms
[2025-10-19T02:39:59.102+0530][gc,phases   ] GC(34)   Evacuate Collection Set: 25.9ms
[2025-10-19T02:39:59.102+0530][gc,phases   ] GC(34)   Post Evacuate Collection Set: 0.4ms
[2025-10-19T02:39:59.102+0530][gc,phases   ] GC(34)   Other: 0.9ms
[2025-10-19T02:39:59.102+0530][gc,heap     ] GC(34) Eden regions: 121->0(40)
[2025-10-19T02:39:59.102+0530][gc,heap     ] GC(34) Survivor regions: 5->11(16)
[2025-10-19T02:39:59.102+0530][gc,heap     ] GC(34) Old regions: 65->65
[2025-10-19T02:39:59.102+0530][gc,heap     ] GC(34) Archive regions: 2->2
[2025-10-19T02:39:59.102+0530][gc,heap     ] GC(34) Humongous regions: 129->129
[2025-10-19T02:39:59.102+0530][gc,metaspace] GC(34) Metaspace: 43047K(43648K)->43047K(43648K) NonClass: 37872K(38208K)->37872K(38208K) Class: 5174K(5440K)->5174K(5440K)
[2025-10-19T02:39:59.102+0530][gc          ] GC(34) Pause Young (Normal) (G1 Evacuation Pause) 320M->205M(1024M) 28.550ms
[2025-10-19T02:39:59.102+0530][gc,cpu      ] GC(34) User=0.04s Sys=0.10s Real=0.03s
[2025-10-19T02:42:58.658+0530][gc,start    ] GC(35) Pause Young (Normal) (G1 Evacuation Pause)
[2025-10-19T02:42:58.660+0530][gc,task     ] GC(35) Using 9 workers of 9 for evacuation
[2025-10-19T02:42:58.668+0530][gc,phases   ] GC(35)   Pre Evacuate Collection Set: 0.5ms
[2025-10-19T02:42:58.668+0530][gc,phases   ] GC(35)   Merge Heap Roots: 0.2ms
[2025-10-19T02:42:58.668+0530][gc,phases   ] GC(35)   Evacuate Collection Set: 6.7ms
[2025-10-19T02:42:58.668+0530][gc,phases   ] GC(35)   Post Evacuate Collection Set: 0.4ms
[2025-10-19T02:42:58.668+0530][gc,phases   ] GC(35)   Other: 2.0ms
[2025-10-19T02:42:58.668+0530][gc,heap     ] GC(35) Eden regions: 40->0(119)
[2025-10-19T02:42:58.668+0530][gc,heap     ] GC(35) Survivor regions: 11->4(7)
[2025-10-19T02:42:58.668+0530][gc,heap     ] GC(35) Old regions: 65->68
[2025-10-19T02:42:58.668+0530][gc,heap     ] GC(35) Archive regions: 2->2
[2025-10-19T02:42:58.668+0530][gc,heap     ] GC(35) Humongous regions: 129->129
[2025-10-19T02:42:58.668+0530][gc,metaspace] GC(35) Metaspace: 43050K(43648K)->43050K(43648K) NonClass: 37876K(38208K)->37876K(38208K) Class: 5174K(5440K)->5174K(5440K)
[2025-10-19T02:42:58.668+0530][gc          ] GC(35) Pause Young (Normal) (G1 Evacuation Pause) 245M->200M(1024M) 9.866ms
[2025-10-19T02:42:58.668+0530][gc,cpu      ] GC(35) User=0.02s Sys=0.01s Real=0.01s
[2025-10-19T02:51:29.701+0530][gc,start    ] GC(36) Pause Young (Normal) (G1 Evacuation Pause)
[2025-10-19T02:51:29.703+0530][gc,task     ] GC(36) Using 9 workers of 9 for evacuation
[2025-10-19T02:51:29.721+0530][gc,phases   ] GC(36)   Pre Evacuate Collection Set: 0.8ms
[2025-10-19T02:51:29.721+0530][gc,phases   ] GC(36)   Merge Heap Roots: 0.2ms
[2025-10-19T02:51:29.721+0530][gc,phases   ] GC(36)   Evacuate Collection Set: 16.4ms
[2025-10-19T02:51:29.721+0530][gc,phases   ] GC(36)   Post Evacuate Collection Set: 0.6ms
[2025-10-19T02:51:29.721+0530][gc,phases   ] GC(36)   Other: 2.3ms
[2025-10-19T02:51:29.721+0530][gc,heap     ] GC(36) Eden regions: 119->0(81)
[2025-10-19T02:51:29.721+0530][gc,heap     ] GC(36) Survivor regions: 4->7(16)
[2025-10-19T02:51:29.721+0530][gc,heap     ] GC(36) Old regions: 68->68
[2025-10-19T02:51:29.721+0530][gc,heap     ] GC(36) Archive regions: 2->2
[2025-10-19T02:51:29.721+0530][gc,heap     ] GC(36) Humongous regions: 129->129
[2025-10-19T02:51:29.722+0530][gc,metaspace] GC(36) Metaspace: 43067K(43712K)->43067K(43712K) NonClass: 37893K(38272K)->37893K(38272K) Class: 5174K(5440K)->5174K(5440K)
[2025-10-19T02:51:29.722+0530][gc          ] GC(36) Pause Young (Normal) (G1 Evacuation Pause) 319M->203M(1024M) 20.717ms
[2025-10-19T02:51:29.722+0530][gc,cpu      ] GC(36) User=0.04s Sys=0.03s Real=0.02s
[2025-10-19T02:56:45.629+0530][gc,start    ] GC(37) Pause Young (Normal) (G1 Evacuation Pause)
[2025-10-19T02:56:45.631+0530][gc,task     ] GC(37) Using 9 workers of 9 for evacuation
[2025-10-19T02:56:45.663+0530][gc,mmu      ] GC(37) MMU target violated: 21.0ms (20.0ms/21.0ms)
[2025-10-19T02:56:45.663+0530][gc,phases   ] GC(37)   Pre Evacuate Collection Set: 1.5ms
[2025-10-19T02:56:45.663+0530][gc,phases   ] GC(37)   Merge Heap Roots: 0.8ms
[2025-10-19T02:56:45.663+0530][gc,phases   ] GC(37)   Evacuate Collection Set: 27.9ms
[2025-10-19T02:56:45.663+0530][gc,phases   ] GC(37)   Post Evacuate Collection Set: 1.4ms
[2025-10-19T02:56:45.663+0530][gc,phases   ] GC(37)   Other: 2.2ms
[2025-10-19T02:56:45.663+0530][gc,heap     ] GC(37) Eden regions: 81->0(43)
[2025-10-19T02:56:45.663+0530][gc,heap     ] GC(37) Survivor regions: 7->8(11)
[2025-10-19T02:56:45.663+0530][gc,heap     ] GC(37) Old regions: 68->69
[2025-10-19T02:56:45.663+0530][gc,heap     ] GC(37) Archive regions: 2->2
[2025-10-19T02:56:45.663+0530][gc,heap     ] GC(37) Humongous regions: 129->129
[2025-10-19T02:56:45.663+0530][gc,metaspace] GC(37) Metaspace: 43108K(43712K)->43108K(43712K) NonClass: 37933K(38272K)->37933K(38272K) Class: 5174K(5440K)->5174K(5440K)
[2025-10-19T02:56:45.663+0530][gc          ] GC(37) Pause Young (Normal) (G1 Evacuation Pause) 284M->205M(1024M) 33.808ms
[2025-10-19T02:56:45.663+0530][gc,cpu      ] GC(37) User=0.03s Sys=0.10s Real=0.04s
[2025-10-19T02:59:31.062+0530][gc,start    ] GC(38) Pause Young (Normal) (G1 Evacuation Pause)
[2025-10-19T02:59:31.062+0530][gc,task     ] GC(38) Using 9 workers of 9 for evacuation
[2025-10-19T02:59:31.072+0530][gc,phases   ] GC(38)   Pre Evacuate Collection Set: 0.5ms
[2025-10-19T02:59:31.072+0530][gc,phases   ] GC(38)   Merge Heap Roots: 0.1ms
[2025-10-19T02:59:31.072+0530][gc,phases   ] GC(38)   Evacuate Collection Set: 8.5ms
[2025-10-19T02:59:31.072+0530][gc,phases   ] GC(38)   Post Evacuate Collection Set: 0.6ms
[2025-10-19T02:59:31.072+0530][gc,phases   ] GC(38)   Other: 0.8ms
[2025-10-19T02:59:31.072+0530][gc,heap     ] GC(38) Eden regions: 43->0(96)
[2025-10-19T02:59:31.072+0530][gc,heap     ] GC(38) Survivor regions: 8->4(7)
[2025-10-19T02:59:31.072+0530][gc,heap     ] GC(38) Old regions: 69->71
[2025-10-19T02:59:31.072+0530][gc,heap     ] GC(38) Archive regions: 2->2
[2025-10-19T02:59:31.072+0530][gc,heap     ] GC(38) Humongous regions: 129->129
[2025-10-19T02:59:31.072+0530][gc,metaspace] GC(38) Metaspace: 43116K(43712K)->43116K(43712K) NonClass: 37942K(38272K)->37942K(38272K) Class: 5174K(5440K)->5174K(5440K)
[2025-10-19T02:59:31.072+0530][gc          ] GC(38) Pause Young (Normal) (G1 Evacuation Pause) 248M->203M(1024M) 10.706ms
[2025-10-19T02:59:31.072+0530][gc,cpu      ] GC(38) User=0.03s Sys=0.02s Real=0.01s
[2025-10-19T03:05:40.370+0530][gc,start    ] GC(39) Pause Young (Normal) (G1 Evacuation Pause)
[2025-10-19T03:05:40.372+0530][gc,task     ] GC(39) Using 9 workers of 9 for evacuation
[2025-10-19T03:05:40.389+0530][gc,phases   ] GC(39)   Pre Evacuate Collection Set: 0.5ms
[2025-10-19T03:05:40.389+0530][gc,phases   ] GC(39)   Merge Heap Roots: 0.2ms
[2025-10-19T03:05:40.389+0530][gc,phases   ] GC(39)   Evacuate Collection Set: 14.1ms
[2025-10-19T03:05:40.389+0530][gc,phases   ] GC(39)   Post Evacuate Collection Set: 2.0ms
[2025-10-19T03:05:40.389+0530][gc,phases   ] GC(39)   Other: 2.2ms
[2025-10-19T03:05:40.389+0530][gc,heap     ] GC(39) Eden regions: 96->0(49)
[2025-10-19T03:05:40.389+0530][gc,heap     ] GC(39) Survivor regions: 4->8(13)
[2025-10-19T03:05:40.389+0530][gc,heap     ] GC(39) Old regions: 71->71
[2025-10-19T03:05:40.389+0530][gc,heap     ] GC(39) Archive regions: 2->2
[2025-10-19T03:05:40.389+0530][gc,heap     ] GC(39) Humongous regions: 129->129
[2025-10-19T03:05:40.389+0530][gc,metaspace] GC(39) Metaspace: 43162K(43776K)->43162K(43776K) NonClass: 37987K(38336K)->37987K(38336K) Class: 5174K(5440K)->5174K(5440K)
[2025-10-19T03:05:40.389+0530][gc          ] GC(39) Pause Young (Normal) (G1 Evacuation Pause) 299M->208M(1024M) 19.370ms
[2025-10-19T03:05:40.389+0530][gc,cpu      ] GC(39) User=0.04s Sys=0.04s Real=0.01s
[2025-10-19T03:08:48.180+0530][gc,start    ] GC(40) Pause Young (Normal) (G1 Evacuation Pause)
[2025-10-19T03:08:48.182+0530][gc,task     ] GC(40) Using 9 workers of 9 for evacuation
[2025-10-19T03:08:48.200+0530][gc,phases   ] GC(40)   Pre Evacuate Collection Set: 1.2ms
[2025-10-19T03:08:48.200+0530][gc,phases   ] GC(40)   Merge Heap Roots: 0.3ms
[2025-10-19T03:08:48.200+0530][gc,phases   ] GC(40)   Evacuate Collection Set: 15.0ms
[2025-10-19T03:08:48.200+0530][gc,phases   ] GC(40)   Post Evacuate Collection Set: 0.7ms
[2025-10-19T03:08:48.200+0530][gc,phases   ] GC(40)   Other: 2.6ms
[2025-10-19T03:08:48.200+0530][gc,heap     ] GC(40) Eden regions: 49->0(103)
[2025-10-19T03:08:48.200+0530][gc,heap     ] GC(40) Survivor regions: 8->5(8)
[2025-10-19T03:08:48.200+0530][gc,heap     ] GC(40) Old regions: 71->74
[2025-10-19T03:08:48.200+0530][gc,heap     ] GC(40) Archive regions: 2->2
[2025-10-19T03:08:48.200+0530][gc,heap     ] GC(40) Humongous regions: 129->129
[2025-10-19T03:08:48.200+0530][gc,metaspace] GC(40) Metaspace: 43167K(43840K)->43167K(43840K) NonClass: 37992K(38400K)->37992K(38400K) Class: 5174K(5440K)->5174K(5440K)
[2025-10-19T03:08:48.200+0530][gc          ] GC(40) Pause Young (Normal) (G1 Evacuation Pause) 257M->207M(1024M) 20.011ms
[2025-10-19T03:08:48.200+0530][gc,cpu      ] GC(40) User=0.03s Sys=0.05s Real=0.02s
[2025-10-19T03:15:24.763+0530][gc,start    ] GC(41) Pause Young (Normal) (G1 Evacuation Pause)
[2025-10-19T03:15:24.764+0530][gc,task     ] GC(41) Using 9 workers of 9 for evacuation
[2025-10-19T03:15:24.774+0530][gc,phases   ] GC(41)   Pre Evacuate Collection Set: 0.9ms
[2025-10-19T03:15:24.775+0530][gc,phases   ] GC(41)   Merge Heap Roots: 0.3ms
[2025-10-19T03:15:24.775+0530][gc,phases   ] GC(41)   Evacuate Collection Set: 8.2ms
[2025-10-19T03:15:24.775+0530][gc,phases   ] GC(41)   Post Evacuate Collection Set: 0.6ms
[2025-10-19T03:15:24.775+0530][gc,phases   ] GC(41)   Other: 1.2ms
[2025-10-19T03:15:24.775+0530][gc,heap     ] GC(41) Eden regions: 103->0(153)
[2025-10-19T03:15:24.775+0530][gc,heap     ] GC(41) Survivor regions: 5->5(14)
[2025-10-19T03:15:24.775+0530][gc,heap     ] GC(41) Old regions: 74->74
[2025-10-19T03:15:24.775+0530][gc,heap     ] GC(41) Archive regions: 2->2
[2025-10-19T03:15:24.775+0530][gc,heap     ] GC(41) Humongous regions: 129->129
[2025-10-19T03:15:24.775+0530][gc,metaspace] GC(41) Metaspace: 43187K(43840K)->43187K(43840K) NonClass: 38012K(38400K)->38012K(38400K) Class: 5174K(5440K)->5174K(5440K)
[2025-10-19T03:15:24.775+0530][gc          ] GC(41) Pause Young (Normal) (G1 Evacuation Pause) 310M->207M(1024M) 11.396ms
[2025-10-19T03:15:24.775+0530][gc,cpu      ] GC(41) User=0.03s Sys=0.02s Real=0.01s
