[2025-10-16T10:28:36.392+0530][gc] Using G1
[2025-10-16T10:28:36.393+0530][gc,init] Version: 17.0.15+6 (release)
[2025-10-16T10:28:36.393+0530][gc,init] CPUs: 11 total, 11 available
[2025-10-16T10:28:36.393+0530][gc,init] Memory: 18432M
[2025-10-16T10:28:36.393+0530][gc,init] Large Page Support: Disabled
[2025-10-16T10:28:36.393+0530][gc,init] NUMA Support: Disabled
[2025-10-16T10:28:36.393+0530][gc,init] Compressed Oops: Enabled (Zero based)
[2025-10-16T10:28:36.393+0530][gc,init] Heap Region Size: 1M
[2025-10-16T10:28:36.393+0530][gc,init] Heap Min Capacity: 1G
[2025-10-16T10:28:36.393+0530][gc,init] Heap Initial Capacity: 1G
[2025-10-16T10:28:36.393+0530][gc,init] Heap Max Capacity: 1G
[2025-10-16T10:28:36.393+0530][gc,init] Pre-touch: Disabled
[2025-10-16T10:28:36.393+0530][gc,init] Parallel Workers: 9
[2025-10-16T10:28:36.393+0530][gc,init] Concurrent Workers: 2
[2025-10-16T10:28:36.393+0530][gc,init] Concurrent Refinement Workers: 9
[2025-10-16T10:28:36.393+0530][gc,init] Periodic GC: Disabled
[2025-10-16T10:28:36.395+0530][gc,metaspace] CDS archive(s) mapped at: [0x0000007000000000-0x0000007000bc0000-0x0000007000bc0000), size 12320768, SharedBaseAddress: 0x0000007000000000, ArchiveRelocationMode: 1.
[2025-10-16T10:28:36.395+0530][gc,metaspace] Compressed class space mapped at: 0x0000007001000000-0x0000007041000000, reserved size: 1073741824
[2025-10-16T10:28:36.395+0530][gc,metaspace] Narrow klass base: 0x0000007000000000, Narrow klass shift: 0, Narrow klass range: 0x100000000
[2025-10-16T10:28:36.918+0530][gc,start    ] GC(0) Pause Young (Normal) (G1 Evacuation Pause)
[2025-10-16T10:28:36.918+0530][gc,task     ] GC(0) Using 9 workers of 9 for evacuation
[2025-10-16T10:28:36.920+0530][gc,phases   ] GC(0)   Pre Evacuate Collection Set: 0.1ms
[2025-10-16T10:28:36.920+0530][gc,phases   ] GC(0)   Merge Heap Roots: 0.0ms
[2025-10-16T10:28:36.920+0530][gc,phases   ] GC(0)   Evacuate Collection Set: 1.5ms
[2025-10-16T10:28:36.920+0530][gc,phases   ] GC(0)   Post Evacuate Collection Set: 0.2ms
[2025-10-16T10:28:36.920+0530][gc,phases   ] GC(0)   Other: 0.2ms
[2025-10-16T10:28:36.920+0530][gc,heap     ] GC(0) Eden regions: 51->0(44)
[2025-10-16T10:28:36.920+0530][gc,heap     ] GC(0) Survivor regions: 0->7(7)
[2025-10-16T10:28:36.920+0530][gc,heap     ] GC(0) Old regions: 0->1
[2025-10-16T10:28:36.920+0530][gc,heap     ] GC(0) Archive regions: 2->2
[2025-10-16T10:28:36.920+0530][gc,heap     ] GC(0) Humongous regions: 0->0
[2025-10-16T10:28:36.920+0530][gc,metaspace] GC(0) Metaspace: 18065K(18240K)->18065K(18240K) NonClass: 15910K(16000K)->15910K(16000K) Class: 2154K(2240K)->2154K(2240K)
[2025-10-16T10:28:36.920+0530][gc          ] GC(0) Pause Young (Normal) (G1 Evacuation Pause) 51M->8M(1024M) 2.143ms
[2025-10-16T10:28:36.920+0530][gc,cpu      ] GC(0) User=0.01s Sys=0.00s Real=0.01s
[2025-10-16T10:28:37.034+0530][gc,start    ] GC(1) Pause Young (Concurrent Start) (Metadata GC Threshold)
[2025-10-16T10:28:37.034+0530][gc,task     ] GC(1) Using 9 workers of 9 for evacuation
[2025-10-16T10:28:37.036+0530][gc,phases   ] GC(1)   Pre Evacuate Collection Set: 0.1ms
[2025-10-16T10:28:37.036+0530][gc,phases   ] GC(1)   Merge Heap Roots: 0.0ms
[2025-10-16T10:28:37.036+0530][gc,phases   ] GC(1)   Evacuate Collection Set: 1.5ms
[2025-10-16T10:28:37.036+0530][gc,phases   ] GC(1)   Post Evacuate Collection Set: 0.1ms
[2025-10-16T10:28:37.036+0530][gc,phases   ] GC(1)   Other: 0.1ms
[2025-10-16T10:28:37.036+0530][gc,heap     ] GC(1) Eden regions: 15->0(48)
[2025-10-16T10:28:37.036+0530][gc,heap     ] GC(1) Survivor regions: 7->3(7)
[2025-10-16T10:28:37.036+0530][gc,heap     ] GC(1) Old regions: 1->8
[2025-10-16T10:28:37.036+0530][gc,heap     ] GC(1) Archive regions: 2->2
[2025-10-16T10:28:37.036+0530][gc,heap     ] GC(1) Humongous regions: 129->129
[2025-10-16T10:28:37.036+0530][gc,metaspace] GC(1) Metaspace: 21313K(21504K)->21313K(21504K) NonClass: 18733K(18816K)->18733K(18816K) Class: 2580K(2688K)->2580K(2688K)
[2025-10-16T10:28:37.036+0530][gc          ] GC(1) Pause Young (Concurrent Start) (Metadata GC Threshold) 151M->140M(1024M) 1.951ms
[2025-10-16T10:28:37.036+0530][gc,cpu      ] GC(1) User=0.01s Sys=0.00s Real=0.00s
[2025-10-16T10:28:37.036+0530][gc          ] GC(2) Concurrent Mark Cycle
[2025-10-16T10:28:37.036+0530][gc,marking  ] GC(2) Concurrent Clear Claimed Marks
[2025-10-16T10:28:37.036+0530][gc,marking  ] GC(2) Concurrent Clear Claimed Marks 0.008ms
[2025-10-16T10:28:37.036+0530][gc,marking  ] GC(2) Concurrent Scan Root Regions
[2025-10-16T10:28:37.037+0530][gc,marking  ] GC(2) Concurrent Scan Root Regions 0.996ms
[2025-10-16T10:28:37.037+0530][gc,marking  ] GC(2) Concurrent Mark
[2025-10-16T10:28:37.037+0530][gc,marking  ] GC(2) Concurrent Mark From Roots
[2025-10-16T10:28:37.037+0530][gc,task     ] GC(2) Using 2 workers of 2 for marking
[2025-10-16T10:28:37.038+0530][gc,marking  ] GC(2) Concurrent Mark From Roots 0.647ms
[2025-10-16T10:28:37.038+0530][gc,marking  ] GC(2) Concurrent Preclean
[2025-10-16T10:28:37.038+0530][gc,marking  ] GC(2) Concurrent Preclean 0.011ms
[2025-10-16T10:28:37.038+0530][gc,start    ] GC(2) Pause Remark
[2025-10-16T10:28:37.039+0530][gc          ] GC(2) Pause Remark 140M->140M(1024M) 0.698ms
[2025-10-16T10:28:37.039+0530][gc,cpu      ] GC(2) User=0.00s Sys=0.00s Real=0.00s
[2025-10-16T10:28:37.039+0530][gc,marking  ] GC(2) Concurrent Mark 1.422ms
[2025-10-16T10:28:37.039+0530][gc,marking  ] GC(2) Concurrent Rebuild Remembered Sets
[2025-10-16T10:28:37.040+0530][gc,marking  ] GC(2) Concurrent Rebuild Remembered Sets 1.020ms
[2025-10-16T10:28:37.040+0530][gc,start    ] GC(2) Pause Cleanup
[2025-10-16T10:28:37.040+0530][gc          ] GC(2) Pause Cleanup 140M->140M(1024M) 0.057ms
[2025-10-16T10:28:37.040+0530][gc,cpu      ] GC(2) User=0.00s Sys=0.00s Real=0.00s
[2025-10-16T10:28:37.040+0530][gc,marking  ] GC(2) Concurrent Cleanup for Next Mark
[2025-10-16T10:28:37.041+0530][gc,marking  ] GC(2) Concurrent Cleanup for Next Mark 0.835ms
[2025-10-16T10:28:37.041+0530][gc          ] GC(2) Concurrent Mark Cycle 4.420ms
[2025-10-16T10:28:37.249+0530][gc,start    ] GC(3) Pause Young (Normal) (GCLocker Initiated GC)
[2025-10-16T10:28:37.249+0530][gc,task     ] GC(3) Using 9 workers of 9 for evacuation
[2025-10-16T10:28:37.250+0530][gc,phases   ] GC(3)   Pre Evacuate Collection Set: 0.1ms
[2025-10-16T10:28:37.250+0530][gc,phases   ] GC(3)   Merge Heap Roots: 0.0ms
[2025-10-16T10:28:37.250+0530][gc,phases   ] GC(3)   Evacuate Collection Set: 1.1ms
[2025-10-16T10:28:37.250+0530][gc,phases   ] GC(3)   Post Evacuate Collection Set: 0.2ms
[2025-10-16T10:28:37.250+0530][gc,phases   ] GC(3)   Other: 0.1ms
[2025-10-16T10:28:37.250+0530][gc,heap     ] GC(3) Eden regions: 48->0(44)
[2025-10-16T10:28:37.250+0530][gc,heap     ] GC(3) Survivor regions: 3->7(7)
[2025-10-16T10:28:37.250+0530][gc,heap     ] GC(3) Old regions: 8->8
[2025-10-16T10:28:37.250+0530][gc,heap     ] GC(3) Archive regions: 2->2
[2025-10-16T10:28:37.250+0530][gc,heap     ] GC(3) Humongous regions: 129->129
[2025-10-16T10:28:37.250+0530][gc,metaspace] GC(3) Metaspace: 32404K(32640K)->32404K(32640K) NonClass: 28810K(28928K)->28810K(28928K) Class: 3594K(3712K)->3594K(3712K)
[2025-10-16T10:28:37.250+0530][gc          ] GC(3) Pause Young (Normal) (GCLocker Initiated GC) 188M->143M(1024M) 1.498ms
[2025-10-16T10:28:37.250+0530][gc,cpu      ] GC(3) User=0.01s Sys=0.00s Real=0.01s
[2025-10-16T10:31:30.898+0530][gc,start    ] GC(4) Pause Young (Concurrent Start) (Metadata GC Threshold)
[2025-10-16T10:31:30.899+0530][gc,task     ] GC(4) Using 9 workers of 9 for evacuation
[2025-10-16T10:31:30.905+0530][gc,phases   ] GC(4)   Pre Evacuate Collection Set: 0.3ms
[2025-10-16T10:31:30.905+0530][gc,phases   ] GC(4)   Merge Heap Roots: 0.0ms
[2025-10-16T10:31:30.905+0530][gc,phases   ] GC(4)   Evacuate Collection Set: 5.5ms
[2025-10-16T10:31:30.905+0530][gc,phases   ] GC(4)   Post Evacuate Collection Set: 0.2ms
[2025-10-16T10:31:30.905+0530][gc,phases   ] GC(4)   Other: 0.4ms
[2025-10-16T10:31:30.905+0530][gc,heap     ] GC(4) Eden regions: 18->0(49)
[2025-10-16T10:31:30.905+0530][gc,heap     ] GC(4) Survivor regions: 7->2(7)
[2025-10-16T10:31:30.905+0530][gc,heap     ] GC(4) Old regions: 8->15
[2025-10-16T10:31:30.905+0530][gc,heap     ] GC(4) Archive regions: 2->2
[2025-10-16T10:31:30.905+0530][gc,heap     ] GC(4) Humongous regions: 129->129
[2025-10-16T10:31:30.905+0530][gc,metaspace] GC(4) Metaspace: 35844K(36160K)->35844K(36160K) NonClass: 31741K(31872K)->31741K(31872K) Class: 4102K(4288K)->4102K(4288K)
[2025-10-16T10:31:30.905+0530][gc          ] GC(4) Pause Young (Concurrent Start) (Metadata GC Threshold) 161M->145M(1024M) 6.402ms
[2025-10-16T10:31:30.905+0530][gc,cpu      ] GC(4) User=0.01s Sys=0.02s Real=0.01s
[2025-10-16T10:31:30.905+0530][gc          ] GC(5) Concurrent Mark Cycle
[2025-10-16T10:31:30.905+0530][gc,marking  ] GC(5) Concurrent Clear Claimed Marks
[2025-10-16T10:31:30.905+0530][gc,marking  ] GC(5) Concurrent Clear Claimed Marks 0.017ms
[2025-10-16T10:31:30.905+0530][gc,marking  ] GC(5) Concurrent Scan Root Regions
[2025-10-16T10:31:30.906+0530][gc,marking  ] GC(5) Concurrent Scan Root Regions 1.290ms
[2025-10-16T10:31:30.906+0530][gc,marking  ] GC(5) Concurrent Mark
[2025-10-16T10:31:30.906+0530][gc,marking  ] GC(5) Concurrent Mark From Roots
[2025-10-16T10:31:30.906+0530][gc,task     ] GC(5) Using 2 workers of 2 for marking
[2025-10-16T10:31:30.908+0530][gc,marking  ] GC(5) Concurrent Mark From Roots 2.226ms
[2025-10-16T10:31:30.909+0530][gc,marking  ] GC(5) Concurrent Preclean
[2025-10-16T10:31:30.909+0530][gc,marking  ] GC(5) Concurrent Preclean 0.027ms
[2025-10-16T10:31:30.909+0530][gc,start    ] GC(5) Pause Remark
[2025-10-16T10:31:30.910+0530][gc          ] GC(5) Pause Remark 145M->145M(1024M) 1.558ms
[2025-10-16T10:31:30.910+0530][gc,cpu      ] GC(5) User=0.00s Sys=0.00s Real=0.01s
[2025-10-16T10:31:30.910+0530][gc,marking  ] GC(5) Concurrent Mark 3.915ms
[2025-10-16T10:31:30.910+0530][gc,marking  ] GC(5) Concurrent Rebuild Remembered Sets
[2025-10-16T10:31:30.913+0530][gc,marking  ] GC(5) Concurrent Rebuild Remembered Sets 2.505ms
[2025-10-16T10:31:30.913+0530][gc,start    ] GC(5) Pause Cleanup
[2025-10-16T10:31:30.913+0530][gc          ] GC(5) Pause Cleanup 145M->145M(1024M) 0.145ms
[2025-10-16T10:31:30.913+0530][gc,cpu      ] GC(5) User=0.00s Sys=0.00s Real=0.00s
[2025-10-16T10:31:30.913+0530][gc,marking  ] GC(5) Concurrent Cleanup for Next Mark
[2025-10-16T10:31:30.915+0530][gc,marking  ] GC(5) Concurrent Cleanup for Next Mark 1.705ms
[2025-10-16T10:31:30.915+0530][gc          ] GC(5) Concurrent Mark Cycle 9.694ms
[2025-10-16T17:29:54.640+0530][gc,start    ] GC(6) Pause Young (Prepare Mixed) (G1 Evacuation Pause)
[2025-10-16T17:29:54.641+0530][gc,task     ] GC(6) Using 9 workers of 9 for evacuation
[2025-10-16T17:29:54.655+0530][gc,phases   ] GC(6)   Pre Evacuate Collection Set: 1.5ms
[2025-10-16T17:29:54.655+0530][gc,phases   ] GC(6)   Merge Heap Roots: 0.4ms
[2025-10-16T17:29:54.655+0530][gc,phases   ] GC(6)   Evacuate Collection Set: 10.2ms
[2025-10-16T17:29:54.655+0530][gc,phases   ] GC(6)   Post Evacuate Collection Set: 0.8ms
[2025-10-16T17:29:54.655+0530][gc,phases   ] GC(6)   Other: 2.1ms
[2025-10-16T17:29:54.655+0530][gc,heap     ] GC(6) Eden regions: 49->0(49)
[2025-10-16T17:29:54.655+0530][gc,heap     ] GC(6) Survivor regions: 2->2(7)
[2025-10-16T17:29:54.655+0530][gc,heap     ] GC(6) Old regions: 15->15
[2025-10-16T17:29:54.655+0530][gc,heap     ] GC(6) Archive regions: 2->2
[2025-10-16T17:29:54.655+0530][gc,heap     ] GC(6) Humongous regions: 129->129
[2025-10-16T17:29:54.655+0530][gc,metaspace] GC(6) Metaspace: 38770K(39232K)->38770K(39232K) NonClass: 34150K(34432K)->34150K(34432K) Class: 4619K(4800K)->4619K(4800K)
[2025-10-16T17:29:54.655+0530][gc          ] GC(6) Pause Young (Prepare Mixed) (G1 Evacuation Pause) 194M->146M(1024M) 15.266ms
[2025-10-16T17:29:54.655+0530][gc,cpu      ] GC(6) User=0.01s Sys=0.04s Real=0.01s
[2025-10-16T17:36:34.159+0530][gc,heap,exit] Heap
[2025-10-16T17:36:34.160+0530][gc,heap,exit]  garbage-first heap   total 1048576K, used 166220K [0x00000007c0000000, 0x0000000800000000)
[2025-10-16T17:36:34.160+0530][gc,heap,exit]   region size 1024K, 19 young (19456K), 2 survivors (2048K)
[2025-10-16T17:36:34.160+0530][gc,heap,exit]  Metaspace       used 39732K, committed 40192K, reserved 1114112K
[2025-10-16T17:36:34.160+0530][gc,heap,exit]   class space    used 4805K, committed 4992K, reserved 1048576K
