[2025-10-17T14:07:21.899+0530][gc] Using G1
[2025-10-17T14:07:21.900+0530][gc,init] Version: 17.0.15+6 (release)
[2025-10-17T14:07:21.900+0530][gc,init] CPUs: 11 total, 11 available
[2025-10-17T14:07:21.900+0530][gc,init] Memory: 18432M
[2025-10-17T14:07:21.900+0530][gc,init] Large Page Support: Disabled
[2025-10-17T14:07:21.900+0530][gc,init] NUMA Support: Disabled
[2025-10-17T14:07:21.900+0530][gc,init] Compressed Oops: Enabled (Zero based)
[2025-10-17T14:07:21.900+0530][gc,init] Heap Region Size: 1M
[2025-10-17T14:07:21.900+0530][gc,init] Heap Min Capacity: 512M
[2025-10-17T14:07:21.900+0530][gc,init] Heap Initial Capacity: 512M
[2025-10-17T14:07:21.900+0530][gc,init] Heap Max Capacity: 512M
[2025-10-17T14:07:21.900+0530][gc,init] Pre-touch: Disabled
[2025-10-17T14:07:21.900+0530][gc,init] Parallel Workers: 9
[2025-10-17T14:07:21.900+0530][gc,init] Concurrent Workers: 2
[2025-10-17T14:07:21.900+0530][gc,init] Concurrent Refinement Workers: 9
[2025-10-17T14:07:21.900+0530][gc,init] Periodic GC: Disabled
[2025-10-17T14:07:21.903+0530][gc,metaspace] CDS archive(s) mapped at: [0x000000e800000000-0x000000e800bc0000-0x000000e800bc0000), size 12320768, SharedBaseAddress: 0x000000e800000000, ArchiveRelocationMode: 1.
[2025-10-17T14:07:21.903+0530][gc,metaspace] Compressed class space mapped at: 0x000000e801000000-0x000000e841000000, reserved size: 1073741824
[2025-10-17T14:07:21.903+0530][gc,metaspace] Narrow klass base: 0x000000e800000000, Narrow klass shift: 0, Narrow klass range: 0x100000000
[2025-10-17T14:07:24.138+0530][gc,start    ] GC(0) Pause Young (Normal) (G1 Evacuation Pause)
[2025-10-17T14:07:24.139+0530][gc,task     ] GC(0) Using 9 workers of 9 for evacuation
[2025-10-17T14:07:24.144+0530][gc,phases   ] GC(0)   Pre Evacuate Collection Set: 0.2ms
[2025-10-17T14:07:24.144+0530][gc,phases   ] GC(0)   Merge Heap Roots: 1.2ms
[2025-10-17T14:07:24.144+0530][gc,phases   ] GC(0)   Evacuate Collection Set: 2.9ms
[2025-10-17T14:07:24.144+0530][gc,phases   ] GC(0)   Post Evacuate Collection Set: 0.4ms
[2025-10-17T14:07:24.144+0530][gc,phases   ] GC(0)   Other: 1.7ms
[2025-10-17T14:07:24.144+0530][gc,heap     ] GC(0) Eden regions: 25->0(21)
[2025-10-17T14:07:24.144+0530][gc,heap     ] GC(0) Survivor regions: 0->4(4)
[2025-10-17T14:07:24.144+0530][gc,heap     ] GC(0) Old regions: 0->4
[2025-10-17T14:07:24.144+0530][gc,heap     ] GC(0) Archive regions: 2->2
[2025-10-17T14:07:24.144+0530][gc,heap     ] GC(0) Humongous regions: 0->0
[2025-10-17T14:07:24.144+0530][gc,metaspace] GC(0) Metaspace: 7754K(7936K)->7754K(7936K) NonClass: 6878K(6976K)->6878K(6976K) Class: 876K(960K)->876K(960K)
[2025-10-17T14:07:24.145+0530][gc          ] GC(0) Pause Young (Normal) (G1 Evacuation Pause) 25M->8M(512M) 6.536ms
[2025-10-17T14:07:24.145+0530][gc,cpu      ] GC(0) User=0.01s Sys=0.01s Real=0.01s
