[2025-10-16T19:38:33.646+0530][gc] Using G1
[2025-10-16T19:38:33.647+0530][gc,init] Version: 17.0.15+6 (release)
[2025-10-16T19:38:33.647+0530][gc,init] CPUs: 11 total, 11 available
[2025-10-16T19:38:33.647+0530][gc,init] Memory: 18432M
[2025-10-16T19:38:33.647+0530][gc,init] Large Page Support: Disabled
[2025-10-16T19:38:33.647+0530][gc,init] NUMA Support: Disabled
[2025-10-16T19:38:33.647+0530][gc,init] Compressed Oops: Enabled (Zero based)
[2025-10-16T19:38:33.647+0530][gc,init] Heap Region Size: 1M
[2025-10-16T19:38:33.647+0530][gc,init] Heap Min Capacity: 512M
[2025-10-16T19:38:33.647+0530][gc,init] Heap Initial Capacity: 512M
[2025-10-16T19:38:33.647+0530][gc,init] Heap Max Capacity: 512M
[2025-10-16T19:38:33.647+0530][gc,init] Pre-touch: Disabled
[2025-10-16T19:38:33.647+0530][gc,init] Parallel Workers: 9
[2025-10-16T19:38:33.647+0530][gc,init] Concurrent Workers: 2
[2025-10-16T19:38:33.647+0530][gc,init] Concurrent Refinement Workers: 9
[2025-10-16T19:38:33.647+0530][gc,init] Periodic GC: Disabled
[2025-10-16T19:38:33.650+0530][gc,metaspace] CDS archive(s) mapped at: [0x000000a800000000-0x000000a800bc0000-0x000000a800bc0000), size 12320768, SharedBaseAddress: 0x000000a800000000, ArchiveRelocationMode: 1.
[2025-10-16T19:38:33.650+0530][gc,metaspace] Compressed class space mapped at: 0x000000a801000000-0x000000a841000000, reserved size: 1073741824
[2025-10-16T19:38:33.650+0530][gc,metaspace] Narrow klass base: 0x000000a800000000, Narrow klass shift: 0, Narrow klass range: 0x100000000
[2025-10-16T19:38:33.815+0530][gc,heap,exit] Heap
[2025-10-16T19:38:33.815+0530][gc,heap,exit]  garbage-first heap   total 524288K, used 16288K [0x00000007e0000000, 0x0000000800000000)
[2025-10-16T19:38:33.815+0530][gc,heap,exit]   region size 1024K, 15 young (15360K), 0 survivors (0K)
[2025-10-16T19:38:33.815+0530][gc,heap,exit]  Metaspace       used 5715K, committed 5952K, reserved 1114112K
[2025-10-16T19:38:33.815+0530][gc,heap,exit]   class space    used 644K, committed 768K, reserved 1048576K
